Component: ARM Compiler 5.05 update 1 (build 106) Tool: armlink [4d0efa]

==============================================================================

Section Cross References

    main.o(i.JTAGDisable) refers to stm32f10x_rcc.o(i.RCC_APB2PeriphClockCmd) for RCC_APB2PeriphClockCmd
    main.o(i.JTAGDisable) refers to stm32f10x_gpio.o(i.GPIO_PinRemapConfig) for GPIO_PinRemapConfig
    main.o(i.main) refers to led.o(i.LED_Init) for LED_Init
    main.o(i.main) refers to delay.o(i.delay_init) for delay_init
    main.o(i.main) refers to control.o(i.TIM1_PWM_Init) for TIM1_PWM_Init
    main.o(i.main) refers to main.o(i.JTAGDisable) for JTAGDisable
    main.o(i.main) refers to misc.o(i.NVIC_PriorityGroupConfig) for NVIC_PriorityGroupConfig
    main.o(i.main) refers to mpu6050.o(i.MPU_Init) for MPU_Init
    main.o(i.main) refers to encoder.o(i.Encoder_TIM4_Init) for Encoder_TIM4_Init
    main.o(i.main) refers to encoder.o(i.Encoder_TIM2_Init) for Encoder_TIM2_Init
    main.o(i.main) refers to control.o(i.INinit) for INinit
    main.o(i.main) refers to wifi.o(i.uart1_init) for uart1_init
    main.o(i.main) refers to inv_mpu.o(i.mpu_dmp_init) for mpu_dmp_init
    main.o(i.main) refers to rt_memclr.o(.text) for __aeabi_memclr
    main.o(i.main) refers to delay.o(i.delay_ms) for delay_ms
    main.o(i.main) refers to menu.o(i.menu_int) for menu_int
    main.o(i.main) refers to oled.o(i.OLED_Init) for OLED_Init
    main.o(i.main) refers to solgui_common.o(i.SOLGUI_Refresh) for SOLGUI_Refresh
    main.o(i.main) refers to timer.o(i.TIM3_Int_Init) for TIM3_Int_Init
    main.o(i.main) refers to solgui_menu.o(i.SOLGUI_Menu_PageStage) for SOLGUI_Menu_PageStage
    main.o(i.main) refers to strcmpv7m.o(.text) for strcmp
    main.o(i.main) refers to f2d.o(x$fpl$f2d) for __aeabi_f2d
    main.o(i.main) refers to daddsub_clz.o(x$fpl$dsub) for __aeabi_dsub
    main.o(i.main) refers to d2f.o(x$fpl$d2f) for __aeabi_d2f
    main.o(i.main) refers to daddsub_clz.o(x$fpl$dadd) for __aeabi_dadd
    main.o(i.main) refers to fdiv.o(x$fpl$fdiv) for __aeabi_fdiv
    main.o(i.main) refers to wifi.o(.bss) for USART_RX_BUF1
    main.o(i.main) refers to wifi.o(.data) for USART_RX_STA1
    main.o(i.main) refers to main.o(.data) for Vertical_Kp
    menu.o(i._FirstPage) refers to solgui_widget.o(i.SOLGUI_Cursor) for SOLGUI_Cursor
    menu.o(i._FirstPage) refers to f2d.o(x$fpl$f2d) for __aeabi_f2d
    menu.o(i._FirstPage) refers to solgui_widget.o(i.SOLGUI_Widget_OptionText) for SOLGUI_Widget_OptionText
    menu.o(i._FirstPage) refers to main.o(.data) for Velocity_Ki
    menu.o(i.menu_int) refers to solgui_common.o(i.SOLGUI_Init) for SOLGUI_Init
    menu.o(i.menu_int) refers to menu.o(.data) for FirstPage
    menu.o(.data) refers to menu.o(.conststring) for .conststring
    menu.o(.data) refers to menu.o(i._FirstPage) for _FirstPage
    menu.o(.data) refers to menu.o(i._MODE1) for _MODE1
    menu.o(.data) refers to menu.o(i._MODE2) for _MODE2
    oled.o(i.OLED_Clear) refers to oled.o(i.OLED_WR_Byte) for OLED_WR_Byte
    oled.o(i.OLED_Display_Off) refers to oled.o(i.OLED_WR_Byte) for OLED_WR_Byte
    oled.o(i.OLED_Display_On) refers to oled.o(i.OLED_WR_Byte) for OLED_WR_Byte
    oled.o(i.OLED_DrawBMP) refers to oled.o(i.OLED_Set_Pos) for OLED_Set_Pos
    oled.o(i.OLED_DrawBMP) refers to oled.o(i.OLED_WR_Byte) for OLED_WR_Byte
    oled.o(i.OLED_FillScreen) refers to oled.o(i.OLED_WR_Byte) for OLED_WR_Byte
    oled.o(i.OLED_Init) refers to stm32f10x_rcc.o(i.RCC_APB2PeriphClockCmd) for RCC_APB2PeriphClockCmd
    oled.o(i.OLED_Init) refers to stm32f10x_gpio.o(i.GPIO_Init) for GPIO_Init
    oled.o(i.OLED_Init) refers to stm32f10x_gpio.o(i.GPIO_SetBits) for GPIO_SetBits
    oled.o(i.OLED_Init) refers to delay.o(i.delay_ms) for delay_ms
    oled.o(i.OLED_Init) refers to stm32f10x_gpio.o(i.GPIO_ResetBits) for GPIO_ResetBits
    oled.o(i.OLED_Init) refers to oled.o(i.OLED_WR_Byte) for OLED_WR_Byte
    oled.o(i.OLED_Init) refers to oled.o(i.OLED_Clear) for OLED_Clear
    oled.o(i.OLED_Init) refers to oled.o(i.OLED_Set_Pos) for OLED_Set_Pos
    oled.o(i.OLED_Set_Pos) refers to oled.o(i.OLED_WR_Byte) for OLED_WR_Byte
    oled.o(i.OLED_ShowCHinese) refers to oled.o(i.OLED_Set_Pos) for OLED_Set_Pos
    oled.o(i.OLED_ShowCHinese) refers to oled.o(i.OLED_WR_Byte) for OLED_WR_Byte
    oled.o(i.OLED_ShowCHinese) refers to oled.o(.data) for Hzk
    oled.o(i.OLED_ShowChar) refers to oled.o(i.OLED_Set_Pos) for OLED_Set_Pos
    oled.o(i.OLED_ShowChar) refers to oled.o(i.OLED_WR_Byte) for OLED_WR_Byte
    oled.o(i.OLED_ShowChar) refers to oled.o(.constdata) for F6x8
    oled.o(i.OLED_ShowNum) refers to oled.o(i.oled_pow) for oled_pow
    oled.o(i.OLED_ShowNum) refers to oled.o(i.OLED_ShowChar) for OLED_ShowChar
    oled.o(i.OLED_ShowString) refers to oled.o(i.OLED_ShowChar) for OLED_ShowChar
    oled.o(i.OLED_WR_Byte) refers to stm32f10x_gpio.o(i.GPIO_SetBits) for GPIO_SetBits
    oled.o(i.OLED_WR_Byte) refers to stm32f10x_gpio.o(i.GPIO_ResetBits) for GPIO_ResetBits
[...]
    HEAP                                     0x20000748   Section      512  startup_stm32f10x_md.o(HEAP)
    Heap_Mem                                 0x20000748   Data         512  startup_stm32f10x_md.o(HEAP)
    STACK                                    0x20000948   Section     1024  startup_stm32f10x_md.o(STACK)
    Stack_Mem                                0x20000948   Data        1024  startup_stm32f10x_md.o(STACK)
    __initial_sp                             0x20000d48   Data           0  startup_stm32f10x_md.o(STACK)

    Global Symbols

    Symbol Name                              Value     Ov Type        Size  Object(Section)

    BuildAttributes$$THM_ISAv4$P$D$K$B$S$PE$A:L22UL41UL21$X:L11$S22US41US21$IEEE1$IW$USESV6$~STKCKD$USESV7$~SHL$OTIME$ROPI$IEEEX$EBA8$UX$STANDARDLIB$REQ8$PRES8$EABIv2 0x00000000   Number         0  anon$$obj.o ABSOLUTE
    __ARM_use_no_argv                        0x00000000   Number         0  main.o ABSOLUTE
    _printf_flags                            0x00000000   Number         0  printf_stubs.o ABSOLUTE
    _printf_return_value                     0x00000000   Number         0  printf_stubs.o ABSOLUTE
    _printf_sizespec                         0x00000000   Number         0  printf_stubs.o ABSOLUTE
    _printf_widthprec                        0x00000000   Number         0  printf_stubs.o ABSOLUTE
    __ARM_exceptions_init                     - Undefined Weak Reference
    __alloca_initialize                       - Undefined Weak Reference
    __arm_preinit_                            - Undefined Weak Reference
    __cpp_initialize__aeabi_                  - Undefined Weak Reference
    __cxa_finalize                            - Undefined Weak Reference
    __rt_locale                               - Undefined Weak Reference
    __sigvec_lookup                           - Undefined Weak Reference
    _atexit_init                              - Undefined Weak Reference
    _call_atexit_fns                          - Undefined Weak Reference
    _clock_init                               - Undefined Weak Reference
    _fp_trap_init                             - Undefined Weak Reference
    _fp_trap_shutdown                         - Undefined Weak Reference
    _get_lc_collate                           - Undefined Weak Reference
    _get_lc_ctype                             - Undefined Weak Reference
    _get_lc_monetary                          - Undefined Weak Reference
    _get_lc_numeric                           - Undefined Weak Reference
    _get_lc_time                              - Undefined Weak Reference
    _getenv_init                              - Undefined Weak Reference
    _handle_redirection                       - Undefined Weak Reference
    _init_alloc                               - Undefined Weak Reference
    _init_user_alloc                          - Undefined Weak Reference
    _initio                                   - Undefined Weak Reference
    _mutex_acquire                            - Undefined Weak Reference
    _mutex_release                            - Undefined Weak Reference
    _printf_mbtowc                            - Undefined Weak Reference
    _printf_truncate_signed                   - Undefined Weak Reference
    _printf_truncate_unsigned                 - Undefined Weak Reference
    _rand_init                                - Undefined Weak Reference
    _signal_finish                            - Undefined Weak Reference
    _signal_init                              - Undefined Weak Reference
    _terminate_alloc                          - Undefined Weak Reference
    _terminate_user_alloc                     - Undefined Weak Reference
    _terminateio                              - Undefined Weak Reference
    __Vectors_Size                           0x000000ec   Number         0  startup_stm32f10x_md.o ABSOLUTE
    __Vectors                                0x08000000   Data           4  startup_stm32f10x_md.o(RESET)
    __Vectors_End                            0x080000ec   Data           0  startup_stm32f10x_md.o(RESET)
    __main                                   0x080000ed   Thumb Code     8  __main.o(!!!main)
    __scatterload                            0x080000f5   Thumb Code     0  __scatter.o(!!!scatter)
    __scatterload_rt2                        0x080000f5   Thumb Code    44  __scatter.o(!!!scatter)
    __scatterload_rt2_thumb_only             0x080000f5   Thumb Code     0  __scatter.o(!!!scatter)
    __scatterload_null                       0x08000103   Thumb Code     0  __scatter.o(!!!scatter)
    __scatterload_copy                       0x08000129   Thumb Code    26  __scatter_copy.o(!!handler_copy)
    __scatterload_zeroinit                   0x08000145   Thumb Code    28  __scatter_zi.o(!!handler_zi)
    _printf_d                                0x08000161   Thumb Code     0  _printf_d.o(.ARM.Collect$$_printf_percent$$00000009)
    _printf_percent                          0x08000161   Thumb Code     0  _printf_percent.o(.ARM.Collect$$_printf_percent$$00000000)
    _printf_percent_end                      0x08000167   Thumb Code     0  _printf_percent_end.o(.ARM.Collect$$_printf_percent$$00000017)
    __rt_lib_init                            0x0800016b   Thumb Code     0  libinit.o(.ARM.Collect$$libinit$$00000000)
    __rt_lib_init_alloca_1                   0x0800016d   Thumb Code     0  libinit2.o(.ARM.Collect$$libinit$$0000002E)
    __rt_lib_init_argv_1                     0x0800016d   Thumb Code     0  libinit2.o(.ARM.Collect$$libinit$$0000002C)
    __rt_lib_init_atexit_1                   0x0800016d   Thumb Code     0  libinit2.o(.ARM.Collect$$libinit$$0000001B)
    __rt_lib_init_clock_1                    0x0800016d   Thumb Code     0  libinit2.o(.ARM.Collect$$libinit$$00000021)
    __rt_lib_init_cpp_1                      0x0800016d   Thumb Code     0  libinit2.o(.ARM.Collect$$libinit$$00000032)
    __rt_lib_init_exceptions_1               0x0800016d   Thumb Code     0  libinit2.o(.ARM.Collect$$libinit$$00000030)
    __rt_lib_init_fp_1                       0x0800016d   Thumb Code     0  libinit2.o(.ARM.Collect$$libinit$$00000002)
    __rt_lib_init_fp_trap_1                  0x0800016d   Thumb Code     0  libinit2.o(.ARM.Collect$$libinit$$0000001F)
    __rt_lib_init_getenv_1                   0x0800016d   Thumb Code     0  libinit2.o(.ARM.Collect$$libinit$$00000023)
    __rt_lib_init_heap_1                     0x0800016d   Thumb Code     0  libinit2.o(.ARM.Collect$$libinit$$0000000A)
    __rt_lib_init_lc_collate_1               0x0800016d   Thumb Code     0  libinit2.o(.ARM.Collect$$libinit$$00000011)
    __rt_lib_init_lc_ctype_1                 0x0800016d   Thumb Code     0  libinit2.o(.ARM.Collect$$libinit$$00000013)
    __rt_lib_init_lc_monetary_1              0x0800016d   Thumb Code     0  libinit2.o(.ARM.Collect$$libinit$$00000015)
    __rt_lib_init_lc_numeric_1               0x0800016d   Thumb Code     0  libinit2.o(.ARM.Collect$$libinit$$00000017)
    __rt_lib_init_lc_time_1                  0x0800016d   Thumb Code     0  libinit2.o(.ARM.Collect$$libinit$$00000019)
    __rt_lib_init_preinit_1                  0x0800016d   Thumb Code     0  libinit2.o(.ARM.Collect$$libinit$$00000004)
    __rt_lib_init_rand_1                     0x0800016d   Thumb Code     0  libinit2.o(.ARM.Collect$$libinit$$0000000E)
    __rt_lib_init_return                     0x0800016d   Thumb Code     0  libinit2.o(.ARM.Collect$$libinit$$00000033)
    __rt_lib_init_signal_1                   0x0800016d   Thumb Code     0  libinit2.o(.ARM.Collect$$libinit$$0000001D)
    __rt_lib_init_stdio_1                    0x0800016d   Thumb Code     0  libinit2.o(.ARM.Collect$$libinit$$00000025)
    __rt_lib_init_user_alloc_1               0x0800016d   Thumb Code     0  libinit2.o(.ARM.Collect$$libinit$$0000000C)
    __rt_lib_shutdown                        0x0800016f   Thumb Code     0  libshutdown.o(.ARM.Collect$$libshutdown$$00000000)
    __rt_lib_shutdown_fp_trap_1              0x08000171   Thumb Code     0  libshutdown2.o(.ARM.Collect$$libshutdown$$00000006)
    __rt_lib_shutdown_heap_1                 0x08000171   Thumb Code     0  libshutdown2.o(.ARM.Collect$$libshutdown$$0000000E)
    __rt_lib_shutdown_return                 0x08000171   Thumb Code     0  libshutdown2.o(.ARM.Collect$$libshutdown$$0000000F)
    __rt_lib_shutdown_signal_1               0x08000171   Thumb Code     0  libshutdown2.o(.ARM.Collect$$libshutdown$$00000009)
    __rt_lib_shutdown_stdio_1                0x08000171   Thumb Code     0  libshutdown2.o(.ARM.Collect$$libshutdown$$00000003)
    __rt_lib_shutdown_user_alloc_1           0x08000171   Thumb Code     0  libshutdown2.o(.ARM.Collect$$libshutdown$$0000000B)
    __rt_entry                               0x08000173   Thumb Code     0  __rtentry.o(.ARM.Collect$$rtentry$$00000000)
    __rt_entry_presh_1                       0x08000173   Thumb Code     0  __rtentry2.o(.ARM.Collect$$rtentry$$00000002)
    __rt_entry_sh                            0x08000173   Thumb Code     0  __rtentry4.o(.ARM.Collect$$rtentry$$00000004)
    __rt_entry_li                            0x08000179   Thumb Code     0  __rtentry2.o(.ARM.Collect$$rtentry$$0000000A)
    __rt_entry_postsh_1                      0x08000179   Thumb Code     0  __rtentry2.o(.ARM.Collect$$rtentry$$00000009)
    __rt_entry_main                          0x0800017d   Thumb Code     0  __rtentry2.o(.ARM.Collect$$rtentry$$0000000D)
    __rt_entry_postli_1                      0x0800017d   Thumb Code     0  __rtentry2.o(.ARM.Collect$$rtentry$$0000000C)
    __rt_exit                                0x08000185   Thumb Code     0  rtexit.o(.ARM.Collect$$rtexit$$00000000)
    __rt_exit_ls                             0x08000187   Thumb Code     0  rtexit2.o(.ARM.Collect$$rtexit$$00000003)
    __rt_exit_prels_1                        0x08000187   Thumb Code     0  rtexit2.o(.ARM.Collect$$rtexit$$00000002)
    __rt_exit_exit                           0x0800018b   Thumb Code     0  rtexit2.o(.ARM.Collect$$rtexit$$00000004)
    Reset_Handler                            0x08000191   Thumb Code     8  startup_stm32f10x_md.o(.text)
    ADC1_2_IRQHandler                        0x080001ab   Thumb Code     0  startup_stm32f10x_md.o(.text)
    CAN1_RX1_IRQHandler                      0x080001ab   Thumb Code     0  startup_stm32f10x_md.o(.text)
    CAN1_SCE_IRQHandler                      0x080001ab   Thumb Code     0  startup_stm32f10x_md.o(.text)
    DMA1_Channel1_IRQHandler                 0x080001ab   Thumb Code     0  startup_stm32f10x_md.o(.text)
    DMA1_Channel2_IRQHandler                 0x080001ab   Thumb Code     0  startup_stm32f10x_md.o(.text)
    DMA1_Channel3_IRQHandler                 0x080001ab   Thumb Code     0  startup_stm32f10x_md.o(.text)
    DMA1_Channel4_IRQHandler                 0x080001ab   Thumb Code     0  startup_stm32f10x_md.o(.text)
    DMA1_Channel5_IRQHandler                 0x080001ab   Thumb Code     0  startup_stm32f10x_md.o(.text)
    DMA1_Channel6_IRQHandler                 0x080001ab   Thumb Code     0  startup_stm32f10x_md.o(.text)
    DMA1_Channel7_IRQHandler                 0x080001ab   Thumb Code     0  startup_stm32f10x_md.o(.text)
    EXTI0_IRQHandler                         0x080001ab   Thumb Code     0  startup_stm32f10x_md.o(.text)
    EXTI15_10_IRQHandler                     0x080001ab   Thumb Code     0  startup_stm32f10x_md.o(.text)
    EXTI2_IRQHandler                         0x080001ab   Thumb Code     0  startup_stm32f10x_md.o(.text)
    EXTI3_IRQHandler                         0x080001ab   Thumb Code     0  startup_stm32f10x_md.o(.text)
    EXTI4_IRQHandler                         0x080001ab   Thumb Code     0  startup_stm32f10x_md.o(.text)
    EXTI9_5_IRQHandler                       0x080001ab   Thumb Code     0  startup_stm32f10x_md.o(.text)
    FLASH_IRQHandler                         0x080001ab   Thumb Code     0  startup_stm32f10x_md.o(.text)
    I2C1_ER_IRQHandler                       0x080001ab   Thumb Code     0  startup_stm32f10x_md.o(.text)
    I2C1_EV_IRQHandler                       0x080001ab   Thumb Code     0  startup_stm32f10x_md.o(.text)
    I2C2_ER_IRQHandler                       0x080001ab   Thumb Code     0  startup_stm32f10x_md.o(.text)
    I2C2_EV_IRQHandler                       0x080001ab   Thumb Code     0  startup_stm32f10x_md.o(.text)
    PVD_IRQHandler                           0x080001ab   Thumb Code     0  startup_stm32f10x_md.o(.text)
    RCC_IRQHandler                           0x080001ab   Thumb Code     0  startup_stm32f10x_md.o(.text)
    RTCAlarm_IRQHandler                      0x080001ab   Thumb Code     0  startup_stm32f10x_md.o(.text)
    RTC_IRQHandler                           0x080001ab   Thumb Code     0  startup_stm32f10x_md.o(.text)
    SPI1_IRQHandler                          0x080001ab   Thumb Code     0  startup_stm32f10x_md.o(.text)
    SPI2_IRQHandler                          0x080001ab   Thumb Code     0  startup_stm32f10x_md.o(.text)
    TAMPER_IRQHandler                        0x080001ab   Thumb Code     0  startup_stm32f10x_md.o(.text)
    TIM1_BRK_IRQHandler                      0x080001ab   Thumb Code     0  startup_stm32f10x_md.o(.text)
    TIM1_CC_IRQHandler                       0x080001ab   Thumb Code     0  startup_stm32f10x_md.o(.text)
    TIM1_TRG_COM_IRQHandler                  0x080001ab   Thumb Code     0  startup_stm32f10x_md.o(.text)
    TIM1_UP_IRQHandler                       0x080001ab   Thumb Code     0  startup_stm32f10x_md.o(.text)
    USART2_IRQHandler                        0x080001ab   Thumb Code     0  startup_stm32f10x_md.o(.text)
    USART3_IRQHandler                        0x080001ab   Thumb Code     0  startup_stm32f10x_md.o(.text)
    USBWakeUp_IRQHandler                     0x080001ab   Thumb Code     0  startup_stm32f10x_md.o(.text)
    USB_HP_CAN1_TX_IRQHandler                0x080001ab   Thumb Code     0  startup_stm32f10x_md.o(.text)
    USB_LP_CAN1_RX0_IRQHandler               0x080001ab   Thumb Code     0  startup_stm32f10x_md.o(.text)
    WWDG_IRQHandler                          0x080001ab   Thumb Code     0  startup_stm32f10x_md.o(.text)
    __user_initial_stackheap                 0x080001ad   Thumb Code     0  startup_stm32f10x_md.o(.text)
    __use_no_semihosting                     0x080001d1   Thumb Code     2  use_no_semi_2.o(.text)
    __aeabi_ldivmod                          0x080001d3   Thumb Code     0  llsdiv.o(.text)
    _ll_sdiv                                 0x080001d3   Thumb Code    72  llsdiv.o(.text)
    __2printf                                0x0800021d   Thumb Code    20  noretval__2printf.o(.text)
    _printf_int_dec                          0x08000235   Thumb Code   104  _printf_dec.o(.text)
    __printf                                 0x080002ad   Thumb Code   308  __printf_flags_wp.o(.text)
    memcmp                                   0x080003e5   Thumb Code    88  memcmp.o(.text)
    strlen                                   0x0800043d   Thumb Code    62  strlen.o(.text)
    __aeabi_memset                           0x0800047b   Thumb Code    16  aeabi_memset.o(.text)
    __aeabi_memclr                           0x0800048b   Thumb Code     0  rt_memclr.o(.text)
    __rt_memclr                              0x0800048b   Thumb Code    68  rt_memclr.o(.text)
    _memset                                  0x0800048f   Thumb Code     0  rt_memclr.o(.text)
    strcmp                                   0x080004d1   Thumb Code   128  strcmpv7m.o(.text)
    __use_two_region_memory                  0x08000551   Thumb Code     2  heapauxi.o(.text)
    __rt_heap_escrow$2region                 0x08000553   Thumb Code     2  heapauxi.o(.text)
    __rt_heap_expand$2region                 0x08000555   Thumb Code     2  heapauxi.o(.text)
    __I$use$semihosting                      0x08000557   Thumb Code     0  use_no_semi.o(.text)
    __use_no_semihosting_swi                 0x08000557   Thumb Code     2  use_no_semi.o(.text)
    __aeabi_uldivmod                         0x08000559   Thumb Code     0  lludivv7m.o(.text)
    _ll_udiv                                 0x08000559   Thumb Code   238  lludivv7m.o(.text)
    __read_errno                             0x08000647   Thumb Code    10  _rserrno.o(.text)
    __set_errno                              0x08000651   Thumb Code    12  _rserrno.o(.text)
    _printf_int_common                       0x0800065d   Thumb Code   178  _printf_intcommon.o(.text)
    _printf_char_file                        0x08000711   Thumb Code    32  _printf_char_file.o(.text)
    __aeabi_memclr4                          0x08000735   Thumb Code     0  rt_memclr_w.o(.text)
    __aeabi_memclr8                          0x08000735   Thumb Code     0  rt_memclr_w.o(.text)
    __rt_memclr_w                            0x08000735   Thumb Code    78  rt_memclr_w.o(.text)
    _memset_w                                0x08000739   Thumb Code     0  rt_memclr_w.o(.text)
    __aeabi_errno_addr                       0x08000785   Thumb Code     8  rt_errno_addr_intlibspace.o(.text)
    __errno$intlibspace                      0x08000785   Thumb Code     0  rt_errno_addr_intlibspace.o(.text)
    __rt_errno_addr$intlibspace              0x08000785   Thumb Code     0  rt_errno_addr_intlibspace.o(.text)
    _printf_char_common                      0x08000797   Thumb Code    32  _printf_char_common.o(.text)
    ferror                                   0x080007bd   Thumb Code     8  ferror.o(.text)
    __user_libspace                          0x080007c5   Thumb Code     8  libspace.o(.text)
    __user_perproc_libspace                  0x080007c5   Thumb Code     0  libspace.o(.text)
    __user_perthread_libspace                0x080007c5   Thumb Code     0  libspace.o(.text)
    __user_setup_stackheap                   0x080007cd   Thumb Code    74  sys_stackheap_outer.o(.text)
    exit                                     0x08000817   Thumb Code    12  exit.o(.text)
    BusFault_Handler                         0x08000823   Thumb Code     4  stm32f10x_it.o(i.BusFault_Handler)
    DebugMon_Handler                         0x08000827   Thumb Code     2  stm32f10x_it.o(i.DebugMon_Handler)
    EXTI1_IRQHandler                         0x08000829   Thumb Code    20  encoder.o(i.EXTI1_IRQHandler)
    EXTI_ClearITPendingBit                   0x08000841   Thumb Code     6  stm32f10x_exti.o(i.EXTI_ClearITPendingBit)
    Encoder_TIM2_Init                        0x0800084d   Thumb Code   154  encoder.o(i.Encoder_TIM2_Init)
    Encoder_TIM4_Init                        0x080008ed   Thumb Code   148  encoder.o(i.Encoder_TIM4_Init)
    FIFO_DeQueue                             0x08000989   Thumb Code    46  solgui_menu.o(i.FIFO_DeQueue)
    FIFO_Init                                0x080009bd   Thumb Code    18  solgui_menu.o(i.FIFO_Init)
    GPIO_Init                                0x080009d5   Thumb Code   278  stm32f10x_gpio.o(i.GPIO_Init)
    GPIO_PinRemapConfig                      0x08000aed   Thumb Code   138  stm32f10x_gpio.o(i.GPIO_PinRemapConfig)
    GPIO_ResetBits                           0x08000b7d   Thumb Code     4  stm32f10x_gpio.o(i.GPIO_ResetBits)
    GPIO_SetBits                             0x08000b81   Thumb Code     4  stm32f10x_gpio.o(i.GPIO_SetBits)
    HardFault_Handler                        0x08000b85   Thumb Code     4  stm32f10x_it.o(i.HardFault_Handler)
    INinit                                   0x08000b89   Thumb Code    50  control.o(i.INinit)
    JTAGDisable                              0x08000bc1   Thumb Code    20  main.o(i.JTAGDisable)
    LED_Init                                 0x08000bd9   Thumb Code    50  led.o(i.LED_Init)
    LoadPWM                                  0x08000c11   Thumb Code    64  control.o(i.LoadPWM)
    MPU_Get_Accelerometer                    0x08000c51   Thumb Code    80  mpu6050.o(i.MPU_Get_Accelerometer)
    MPU_Get_Gyroscope                        0x08000ca1   Thumb Code    80  mpu6050.o(i.MPU_Get_Gyroscope)
    MPU_IIC_Ack                              0x08000cf1   Thumb Code    62  mpuiic.o(i.MPU_IIC_Ack)
    MPU_IIC_Delay                            0x08000d3d   Thumb Code    10  mpuiic.o(i.MPU_IIC_Delay)
    MPU_IIC_Init                             0x08000d49   Thumb Code    50  mpuiic.o(i.MPU_IIC_Init)
    MPU_IIC_NAck                             0x08000d81   Thumb Code    62  mpuiic.o(i.MPU_IIC_NAck)
    MPU_IIC_Read_Byte                        0x08000dcd   Thumb Code    94  mpuiic.o(i.MPU_IIC_Read_Byte)
    MPU_IIC_Send_Byte                        0x08000e39   Thumb Code    80  mpuiic.o(i.MPU_IIC_Send_Byte)
    MPU_IIC_Start                            0x08000e95   Thumb Code    60  mpuiic.o(i.MPU_IIC_Start)
    MPU_IIC_Stop                             0x08000edd   Thumb Code    58  mpuiic.o(i.MPU_IIC_Stop)
    MPU_IIC_Wait_Ack                         0x08000f25   Thumb Code    86  mpuiic.o(i.MPU_IIC_Wait_Ack)
    MPU_Init                                 0x08000f89   Thumb Code   180  mpu6050.o(i.MPU_Init)
    MPU_Read_Byte                            0x08001049   Thumb Code    58  mpu6050.o(i.MPU_Read_Byte)
    MPU_Read_Len                             0x08001083   Thumb Code   116  mpu6050.o(i.MPU_Read_Len)
    MPU_Set_Accel_Fsr                        0x080010f7   Thumb Code    16  mpu6050.o(i.MPU_Set_Accel_Fsr)
    MPU_Set_Gyro_Fsr                         0x08001107   Thumb Code    16  mpu6050.o(i.MPU_Set_Gyro_Fsr)
    MPU_Set_LPF                              0x08001117   Thumb Code    58  mpu6050.o(i.MPU_Set_LPF)
    MPU_Set_Rate                             0x08001151   Thumb Code    58  mpu6050.o(i.MPU_Set_Rate)
    MPU_Write_Byte                           0x0800118b   Thumb Code    68  mpu6050.o(i.MPU_Write_Byte)
    MPU_Write_Len                            0x080011cf   Thumb Code    96  mpu6050.o(i.MPU_Write_Len)
    MemManage_Handler                        0x0800122f   Thumb Code     4  stm32f10x_it.o(i.MemManage_Handler)
    NMI_Handler                              0x08001233   Thumb Code     2  stm32f10x_it.o(i.NMI_Handler)
    NVIC_Init                                0x08001235   Thumb Code   100  misc.o(i.NVIC_Init)
    NVIC_PriorityGroupConfig                 0x080012a5   Thumb Code    10  misc.o(i.NVIC_PriorityGroupConfig)
    OLED_Clear                               0x080012b9   Thumb Code    64  oled.o(i.OLED_Clear)
    OLED_FillScreen                          0x080012f9   Thumb Code    70  oled.o(i.OLED_FillScreen)
    OLED_Init                                0x08001341   Thumb Code   362  oled.o(i.OLED_Init)
    OLED_Set_Pos                             0x080014b5   Thumb Code    46  oled.o(i.OLED_Set_Pos)
    OLED_WR_Byte                             0x080014e5   Thumb Code   108  oled.o(i.OLED_WR_Byte)
    PendSV_Handler                           0x08001559   Thumb Code     2  stm32f10x_it.o(i.PendSV_Handler)
    RCC_APB1PeriphClockCmd                   0x0800155d   Thumb Code    26  stm32f10x_rcc.o(i.RCC_APB1PeriphClockCmd)
    RCC_APB2PeriphClockCmd                   0x0800157d   Thumb Code    26  stm32f10x_rcc.o(i.RCC_APB2PeriphClockCmd)
    RCC_GetClocksFreq                        0x0800159d   Thumb Code   192  stm32f10x_rcc.o(i.RCC_GetClocksFreq)
    Read_Speed                               0x08001671   Thumb Code    64  encoder.o(i.Read_Speed)
    SOLGUI_Clean                             0x080016b5   Thumb Code    14  solgui_common.o(i.SOLGUI_Clean)
    SOLGUI_Cursor                            0x080016c9   Thumb Code   590  solgui_widget.o(i.SOLGUI_Cursor)
    SOLGUI_DrawPoint                         0x08001929   Thumb Code    82  solgui_common.o(i.SOLGUI_DrawPoint)
    SOLGUI_GBasic_Line                       0x08001981   Thumb Code   230  solgui_gbasic.o(i.SOLGUI_GBasic_Line)
    SOLGUI_GBasic_Rectangle                  0x08001a67   Thumb Code   194  solgui_gbasic.o(i.SOLGUI_GBasic_Rectangle)
    SOLGUI_GetCurrentKey                     0x08001b29   Thumb Code     6  solgui_menu.o(i.SOLGUI_GetCurrentKey)
    SOLGUI_Hardware_FillScreen               0x08001b35   Thumb Code    12  solgui_hardware.o(i.SOLGUI_Hardware_FillScreen)
    SOLGUI_Hardware_Init                     0x08001b41   Thumb Code    16  solgui_hardware.o(i.SOLGUI_Hardware_Init)
    SOLGUI_Init                              0x08001b51   Thumb Code    26  solgui_common.o(i.SOLGUI_Init)
    SOLGUI_Menu_PageStage                    0x08001b71   Thumb Code    74  solgui_menu.o(i.SOLGUI_Menu_PageStage)
    SOLGUI_Menu_SetHomePage                  0x08001bcd   Thumb Code    14  solgui_menu.o(i.SOLGUI_Menu_SetHomePage)
    SOLGUI_Menu_Title                        0x08001be1   Thumb Code   110  solgui_menu.o(i.SOLGUI_Menu_Title)
    SOLGUI_PutChar                           0x08001c61   Thumb Code   164  solgui_printf.o(i.SOLGUI_PutChar)
    SOLGUI_PutString                         0x08001d05   Thumb Code    56  solgui_printf.o(i.SOLGUI_PutString)
    SOLGUI_Refresh                           0x08001d3d   Thumb Code    14  solgui_common.o(i.SOLGUI_Refresh)
    SOLGUI_SwitchFont                        0x08001d51   Thumb Code    38  solgui_printf.o(i.SOLGUI_SwitchFont)
    SOLGUI_Widget_OptionText                 0x08001d7d   Thumb Code    76  solgui_widget.o(i.SOLGUI_Widget_OptionText)
    SOLGUI_printf                            0x08001dcd   Thumb Code    40  solgui_printf.o(i.SOLGUI_printf)
    SVC_Handler                              0x08001df5   Thumb Code     2  stm32f10x_it.o(i.SVC_Handler)
    SysTick_CLKSourceConfig                  0x08001ee1   Thumb Code    40  misc.o(i.SysTick_CLKSourceConfig)
    SysTick_Handler                          0x08001f09   Thumb Code     2  stm32f10x_it.o(i.SysTick_Handler)
    SystemInit                               0x08001f0d   Thumb Code    78  system_stm32f10x.o(i.SystemInit)
    TIM1_PWM_Init                            0x080021ad   Thumb Code   190  control.o(i.TIM1_PWM_Init)
    TIM2_IRQHandler                          0x08002275   Thumb Code    22  encoder.o(i.TIM2_IRQHandler)
    TIM3_IRQHandler                          0x0800228d   Thumb Code   154  control.o(i.TIM3_IRQHandler)
    TIM3_Int_Init                            0x08002369   Thumb Code    88  timer.o(i.TIM3_Int_Init)
    TIM4_IRQHandler                          0x080023c5   Thumb Code    22  encoder.o(i.TIM4_IRQHandler)
    TIM_ARRPreloadConfig                     0x080023e1   Thumb Code    24  stm32f10x_tim.o(i.TIM_ARRPreloadConfig)
    TIM_ClearFlag                            0x080023f9   Thumb Code     6  stm32f10x_tim.o(i.TIM_ClearFlag)
    TIM_ClearITPendingBit                    0x080023ff   Thumb Code     6  stm32f10x_tim.o(i.TIM_ClearITPendingBit)
    TIM_Cmd                                  0x08002405   Thumb Code    24  stm32f10x_tim.o(i.TIM_Cmd)
    TIM_CtrlPWMOutputs                       0x0800241d   Thumb Code    30  stm32f10x_tim.o(i.TIM_CtrlPWMOutputs)
    TIM_EncoderInterfaceConfig               0x0800243b   Thumb Code    66  stm32f10x_tim.o(i.TIM_EncoderInterfaceConfig)
    TIM_GetCounter                           0x0800247d   Thumb Code     6  stm32f10x_tim.o(i.TIM_GetCounter)
    TIM_GetITStatus                          0x08002483   Thumb Code    34  stm32f10x_tim.o(i.TIM_GetITStatus)
    TIM_ICInit                               0x080024a5   Thumb Code   150  stm32f10x_tim.o(i.TIM_ICInit)
    TIM_ICStructInit                         0x08002551   Thumb Code    18  stm32f10x_tim.o(i.TIM_ICStructInit)
    TIM_ITConfig                             0x08002563   Thumb Code    18  stm32f10x_tim.o(i.TIM_ITConfig)
    TIM_OC1Init                              0x08002575   Thumb Code   132  stm32f10x_tim.o(i.TIM_OC1Init)
    TIM_OC1PreloadConfig                     0x0800260d   Thumb Code    18  stm32f10x_tim.o(i.TIM_OC1PreloadConfig)
    TIM_OC4Init                              0x08002621   Thumb Code   114  stm32f10x_tim.o(i.TIM_OC4Init)
    TIM_OC4PreloadConfig                     0x0800269d   Thumb Code    26  stm32f10x_tim.o(i.TIM_OC4PreloadConfig)
    TIM_SetCompare1                          0x080026b7   Thumb Code     4  stm32f10x_tim.o(i.TIM_SetCompare1)
    TIM_SetCompare4                          0x080026bb   Thumb Code     6  stm32f10x_tim.o(i.TIM_SetCompare4)
    TIM_SetCounter                           0x080026c1   Thumb Code     4  stm32f10x_tim.o(i.TIM_SetCounter)
    TIM_SetIC1Prescaler                      0x080026c5   Thumb Code    18  stm32f10x_tim.o(i.TIM_SetIC1Prescaler)
    TIM_SetIC2Prescaler                      0x080026d7   Thumb Code    26  stm32f10x_tim.o(i.TIM_SetIC2Prescaler)
    TIM_SetIC3Prescaler                      0x080026f1   Thumb Code    18  stm32f10x_tim.o(i.TIM_SetIC3Prescaler)
    TIM_SetIC4Prescaler                      0x08002703   Thumb Code    26  stm32f10x_tim.o(i.TIM_SetIC4Prescaler)
    TIM_TimeBaseInit                         0x0800271d   Thumb Code   122  stm32f10x_tim.o(i.TIM_TimeBaseInit)
    TIM_TimeBaseStructInit                   0x080027c1   Thumb Code    18  stm32f10x_tim.o(i.TIM_TimeBaseStructInit)
    USART1_IRQHandler                        0x080027d5   Thumb Code   122  wifi.o(i.USART1_IRQHandler)
    USART_Cmd                                0x0800285d   Thumb Code    24  stm32f10x_usart.o(i.USART_Cmd)
    USART_GetITStatus                        0x08002875   Thumb Code    84  stm32f10x_usart.o(i.USART_GetITStatus)
    USART_ITConfig                           0x080028c9   Thumb Code    74  stm32f10x_usart.o(i.USART_ITConfig)
    USART_Init                               0x08002915   Thumb Code   210  stm32f10x_usart.o(i.USART_Init)
    USART_ReceiveData                        0x080029ed   Thumb Code    10  stm32f10x_usart.o(i.USART_ReceiveData)
    UsageFault_Handler                       0x080029f7   Thumb Code     4  stm32f10x_it.o(i.UsageFault_Handler)
    Velocity                                 0x080029fd   Thumb Code   212  control.o(i.Velocity)
    Vertical                                 0x08002af5   Thumb Code    80  control.o(i.Vertical)
    _FirstPage                               0x08002b4d   Thumb Code    92  menu.o(i._FirstPage)
    _LineModes                               0x08002bf9   Thumb Code   126  solgui_gbasic.o(i._LineModes)
    _MODE1                                   0x08002c77   Thumb Code     2  menu.o(i._MODE1)
    _MODE2                                   0x08002c79   Thumb Code     2  menu.o(i._MODE2)
    _OptionsDisplay_Judge                    0x08002c7d   Thumb Code    38  solgui_widget.o(i._OptionsDisplay_Judge)
    _OptionsDisplay_coorY                    0x08002ca9   Thumb Code    22  solgui_widget.o(i._OptionsDisplay_coorY)
    __ARM_fpclassify                         0x08002cc5   Thumb Code    40  fpclassify.o(i.__ARM_fpclassify)
    __SOLGUI_printf                          0x08002ced   Thumb Code  1232  solgui_printf.o(i.__SOLGUI_printf)
    __kernel_poly                            0x080031c1   Thumb Code   170  poly.o(i.__kernel_poly)
    __mathlib_dbl_infnan                     0x0800326b   Thumb Code     6  dunder.o(i.__mathlib_dbl_infnan)
    __mathlib_dbl_infnan2                    0x08003271   Thumb Code     4  dunder.o(i.__mathlib_dbl_infnan2)
    __mathlib_dbl_invalid                    0x08003275   Thumb Code    12  dunder.o(i.__mathlib_dbl_invalid)
    __mathlib_dbl_underflow                  0x08003281   Thumb Code    10  dunder.o(i.__mathlib_dbl_underflow)
    _is_digit                                0x08003291   Thumb Code    14  __printf_wp.o(i._is_digit)
    _sys_exit                                0x0800329f   Thumb Code     4  usart.o(i._sys_exit)
    asin                                     0x0800334d   Thumb Code   572  asin.o(i.asin)
    atan                                     0x080035bd   Thumb Code   474  atan.o(i.atan)
    atan2                                    0x080037dd   Thumb Code   346  atan2.o(i.atan2)
    delay_init                               0x080039c1   Thumb Code    50  delay.o(i.delay_init)
    delay_ms                                 0x08003a05   Thumb Code    72  delay.o(i.delay_ms)
    delay_us                                 0x08003a51   Thumb Code    72  delay.o(i.delay_us)
    dmp_enable_6x_lp_quat                    0x08003a9d   Thumb Code    60  inv_mpu_dmp_motion_driver.o(i.dmp_enable_6x_lp_quat)
    dmp_enable_feature                       0x08003ad9   Thumb Code   530  inv_mpu_dmp_motion_driver.o(i.dmp_enable_feature)
    dmp_enable_gyro_cal                      0x08003cf5   Thumb Code    62  inv_mpu_dmp_motion_driver.o(i.dmp_enable_gyro_cal)
    dmp_enable_lp_quat                       0x08003d4d   Thumb Code    60  inv_mpu_dmp_motion_driver.o(i.dmp_enable_lp_quat)
    dmp_load_motion_driver_firmware          0x08003d89   Thumb Code    20  inv_mpu_dmp_motion_driver.o(i.dmp_load_motion_driver_firmware)
    dmp_read_fifo                            0x08003da1   Thumb Code   456  inv_mpu_dmp_motion_driver.o(i.dmp_read_fifo)
    dmp_set_accel_bias                       0x08003f6d   Thumb Code   300  inv_mpu_dmp_motion_driver.o(i.dmp_set_accel_bias)
    dmp_set_fifo_rate                        0x0800409d   Thumb Code    96  inv_mpu_dmp_motion_driver.o(i.dmp_set_fifo_rate)
    dmp_set_gyro_bias                        0x0800410d   Thumb Code   294  inv_mpu_dmp_motion_driver.o(i.dmp_set_gyro_bias)
    dmp_set_orientation                      0x0800423d   Thumb Code   290  inv_mpu_dmp_motion_driver.o(i.dmp_set_orientation)
    dmp_set_shake_reject_thresh              0x08004375   Thumb Code    56  inv_mpu_dmp_motion_driver.o(i.dmp_set_shake_reject_thresh)
    dmp_set_shake_reject_time                0x080043ad   Thumb Code    38  inv_mpu_dmp_motion_driver.o(i.dmp_set_shake_reject_time)
    dmp_set_shake_reject_timeout             0x080043d3   Thumb Code    38  inv_mpu_dmp_motion_driver.o(i.dmp_set_shake_reject_timeout)
    dmp_set_tap_axes                         0x080043f9   Thumb Code    70  inv_mpu_dmp_motion_driver.o(i.dmp_set_tap_axes)
    dmp_set_tap_count                        0x0800443f   Thumb Code    38  inv_mpu_dmp_motion_driver.o(i.dmp_set_tap_count)
    dmp_set_tap_thresh                       0x08004465   Thumb Code   396  inv_mpu_dmp_motion_driver.o(i.dmp_set_tap_thresh)
    dmp_set_tap_time                         0x08004605   Thumb Code    38  inv_mpu_dmp_motion_driver.o(i.dmp_set_tap_time)
    dmp_set_tap_time_multi                   0x0800462b   Thumb Code    38  inv_mpu_dmp_motion_driver.o(i.dmp_set_tap_time_multi)
    fputc                                    0x08004651   Thumb Code    24  usart.o(i.fputc)
    inv_orientation_matrix_to_scalar         0x08004ca1   Thumb Code    40  inv_mpu.o(i.inv_orientation_matrix_to_scalar)
    inv_row_2_scale                          0x08004cc9   Thumb Code    78  inv_mpu.o(i.inv_row_2_scale)
    left_back                                0x08004d19   Thumb Code    28  control.o(i.left_back)
    left_forward                             0x08004d41   Thumb Code    28  control.o(i.left_forward)
    main                                     0x08004d69   Thumb Code   446  main.o(i.main)
    menu_int                                 0x08004f89   Thumb Code    10  menu.o(i.menu_int)
    mget_ms                                  0x08004f99   Thumb Code     2  inv_mpu.o(i.mget_ms)
    mpu_configure_fifo                       0x08004f9d   Thumb Code   106  inv_mpu.o(i.mpu_configure_fifo)
    mpu_dmp_get_data                         0x0800500d   Thumb Code   544  inv_mpu.o(i.mpu_dmp_get_data)
    mpu_dmp_init                             0x08005231   Thumb Code   154  inv_mpu.o(i.mpu_dmp_init)
    mpu_get_accel_fsr                        0x080052d1   Thumb Code    72  inv_mpu.o(i.mpu_get_accel_fsr)
    mpu_get_accel_sens                       0x0800531d   Thumb Code    78  inv_mpu.o(i.mpu_get_accel_sens)
    mpu_get_fifo_config                      0x08005371   Thumb Code    12  inv_mpu.o(i.mpu_get_fifo_config)
    mpu_get_gyro_fsr                         0x08005381   Thumb Code    64  inv_mpu.o(i.mpu_get_gyro_fsr)
    mpu_get_gyro_sens                        0x080053c5   Thumb Code    58  inv_mpu.o(i.mpu_get_gyro_sens)
    mpu_get_lpf                              0x08005415   Thumb Code    74  inv_mpu.o(i.mpu_get_lpf)
    mpu_get_sample_rate                      0x08005465   Thumb Code    26  inv_mpu.o(i.mpu_get_sample_rate)
    mpu_init                                 0x08005485   Thumb Code   416  inv_mpu.o(i.mpu_init)
    mpu_load_firmware                        0x08005675   Thumb Code   180  inv_mpu.o(i.mpu_load_firmware)
    mpu_lp_accel_mode                        0x0800572d   Thumb Code   218  inv_mpu.o(i.mpu_lp_accel_mode)
    mpu_read_fifo_stream                     0x0800580d   Thumb Code   186  inv_mpu.o(i.mpu_read_fifo_stream)
    mpu_read_mem                             0x080058cd   Thumb Code   122  inv_mpu.o(i.mpu_read_mem)
    mpu_reset_fifo                           0x0800594d   Thumb Code   450  inv_mpu.o(i.mpu_reset_fifo)
    mpu_run_self_test                        0x08005b15   Thumb Code   278  inv_mpu.o(i.mpu_run_self_test)
    mpu_set_accel_fsr                        0x08005c31   Thumb Code   126  inv_mpu.o(i.mpu_set_accel_fsr)
    mpu_set_bypass                           0x08005cb5   Thumb Code   328  inv_mpu.o(i.mpu_set_bypass)
    mpu_set_dmp_state                        0x08005e01   Thumb Code   138  inv_mpu.o(i.mpu_set_dmp_state)
    mpu_set_gyro_fsr                         0x08005e91   Thumb Code   132  inv_mpu.o(i.mpu_set_gyro_fsr)
    mpu_set_int_latched                      0x08005f19   Thumb Code   102  inv_mpu.o(i.mpu_set_int_latched)
    mpu_set_lpf                              0x08005f85   Thumb Code   126  inv_mpu.o(i.mpu_set_lpf)
    mpu_set_sample_rate                      0x08006009   Thumb Code   152  inv_mpu.o(i.mpu_set_sample_rate)
    mpu_set_sensors                          0x080060a5   Thumb Code   202  inv_mpu.o(i.mpu_set_sensors)
    mpu_write_mem                            0x08006175   Thumb Code   122  inv_mpu.o(i.mpu_write_mem)
    right_back                               0x080061f5   Thumb Code    28  control.o(i.right_back)
    right_forward                            0x0800621d   Thumb Code    28  control.o(i.right_forward)
    run_self_test                            0x08006245   Thumb Code   148  inv_mpu.o(i.run_self_test)
    sqrt                                     0x08006369   Thumb Code    76  sqrt.o(i.sqrt)
    uart1_init                               0x080063b5   Thumb Code   152  wifi.o(i.uart1_init)
    __aeabi_d2f                              0x08006455   Thumb Code     0  d2f.o(x$fpl$d2f)
    _d2f                                     0x08006455   Thumb Code    98  d2f.o(x$fpl$d2f)
    __aeabi_dadd                             0x080064b9   Thumb Code     0  daddsub_clz.o(x$fpl$dadd)
    _dadd                                    0x080064b9   Thumb Code   332  daddsub_clz.o(x$fpl$dadd)
    __fpl_dcheck_NaN1                        0x08006609   Thumb Code    10  dcheck1.o(x$fpl$dcheck1)
    __fpl_dcmp_Inf                           0x08006619   Thumb Code    24  dcmpi.o(x$fpl$dcmpinf)
    __aeabi_ddiv                             0x08006631   Thumb Code     0  ddiv.o(x$fpl$ddiv)
    _ddiv                                    0x08006631   Thumb Code   552  ddiv.o(x$fpl$ddiv)
    __aeabi_d2iz                             0x080068e1   Thumb Code     0  dfix.o(x$fpl$dfix)
    _dfix                                    0x080068e1   Thumb Code    94  dfix.o(x$fpl$dfix)
    __aeabi_d2uiz                            0x08006941   Thumb Code     0  dfixu.o(x$fpl$dfixu)
    _dfixu                                   0x08006941   Thumb Code    90  dfixu.o(x$fpl$dfixu)
    __aeabi_i2d                              0x0800699b   Thumb Code     0  dflt_clz.o(x$fpl$dflt)
    _dflt                                    0x0800699b   Thumb Code    46  dflt_clz.o(x$fpl$dflt)
    __aeabi_ui2d                             0x080069c9   Thumb Code     0  dflt_clz.o(x$fpl$dfltu)
    _dfltu                                   0x080069c9   Thumb Code    38  dflt_clz.o(x$fpl$dfltu)
    __aeabi_cdcmple                          0x080069f1   Thumb Code     0  dleqf.o(x$fpl$dleqf)
    _dcmple                                  0x080069f1   Thumb Code   120  dleqf.o(x$fpl$dleqf)
    __fpl_dcmple_InfNaN                      0x08006a53   Thumb Code     0  dleqf.o(x$fpl$dleqf)
    __aeabi_dmul                             0x08006a69   Thumb Code     0  dmul.o(x$fpl$dmul)
    _dmul                                    0x08006a69   Thumb Code   332  dmul.o(x$fpl$dmul)
    __fpl_dnaninf                            0x08006bbd   Thumb Code   156  dnaninf.o(x$fpl$dnaninf)
    __fpl_dretinf                            0x08006c59   Thumb Code    12  dretinf.o(x$fpl$dretinf)
    __aeabi_drsub                            0x08006c65   Thumb Code     0  daddsub_clz.o(x$fpl$drsb)
    _drsb                                    0x08006c65   Thumb Code    22  daddsub_clz.o(x$fpl$drsb)
    _dsqrt                                   0x08006c7d   Thumb Code   456  dsqrt_noumaal.o(x$fpl$dsqrt)
    __aeabi_dsub                             0x08006e49   Thumb Code     0  daddsub_clz.o(x$fpl$dsub)
    _dsub                                    0x08006e49   Thumb Code   464  daddsub_clz.o(x$fpl$dsub)
    __aeabi_f2d                              0x0800701d   Thumb Code     0  f2d.o(x$fpl$f2d)
    _f2d                                     0x0800701d   Thumb Code    86  f2d.o(x$fpl$f2d)
    __aeabi_fadd                             0x08007075   Thumb Code     0  faddsub_clz.o(x$fpl$fadd)
    _fadd                                    0x08007075   Thumb Code   196  faddsub_clz.o(x$fpl$fadd)
    __fpl_fcmp_Inf                           0x08007139   Thumb Code    24  fcmpi.o(x$fpl$fcmpinf)
    __aeabi_fdiv                             0x08007151   Thumb Code     0  fdiv.o(x$fpl$fdiv)
    _fdiv                                    0x08007151   Thumb Code   384  fdiv.o(x$fpl$fdiv)
    __aeabi_cfcmpeq                          0x080072d5   Thumb Code     0  feqf.o(x$fpl$feqf)
    _fcmpeq                                  0x080072d5   Thumb Code   104  feqf.o(x$fpl$feqf)
    __aeabi_f2iz                             0x0800733d   Thumb Code     0  ffix.o(x$fpl$ffix)
    _ffix                                    0x0800733d   Thumb Code    54  ffix.o(x$fpl$ffix)
    __aeabi_f2uiz                            0x08007375   Thumb Code     0  ffixu.o(x$fpl$ffixu)
    _ffixu                                   0x08007375   Thumb Code    62  ffixu.o(x$fpl$ffixu)
    __aeabi_i2f                              0x080073b5   Thumb Code     0  fflt_clz.o(x$fpl$fflt)
    _fflt                                    0x080073b5   Thumb Code    48  fflt_clz.o(x$fpl$fflt)
    __aeabi_ui2f                             0x080073e5   Thumb Code     0  fflt_clz.o(x$fpl$ffltu)
    _ffltu                                   0x080073e5   Thumb Code    38  fflt_clz.o(x$fpl$ffltu)
    __aeabi_cfcmple                          0x0800740d   Thumb Code     0  fleqf.o(x$fpl$fleqf)
    _fcmple                                  0x0800740d   Thumb Code   104  fleqf.o(x$fpl$fleqf)
    __fpl_fcmple_InfNaN                      0x0800745f   Thumb Code     0  fleqf.o(x$fpl$fleqf)
    __aeabi_fmul                             0x08007475   Thumb Code     0  fmul.o(x$fpl$fmul)
    _fmul                                    0x08007475   Thumb Code   258  fmul.o(x$fpl$fmul)
    __fpl_fnaninf                            0x08007577   Thumb Code   140  fnaninf.o(x$fpl$fnaninf)
    __fpl_fretinf                            0x08007603   Thumb Code    10  fretinf.o(x$fpl$fretinf)
    __aeabi_cfrcmple                         0x0800760d   Thumb Code     0  frleqf.o(x$fpl$frleqf)
    _frcmple                                 0x0800760d   Thumb Code    98  frleqf.o(x$fpl$frleqf)
    __aeabi_frsub                            0x0800766f   Thumb Code     0  faddsub_clz.o(x$fpl$frsb)
    _frsb                                    0x0800766f   Thumb Code    20  faddsub_clz.o(x$fpl$frsb)
    __aeabi_fsub                             0x08007685   Thumb Code     0  faddsub_clz.o(x$fpl$fsub)
    _fsub                                    0x08007685   Thumb Code   234  faddsub_clz.o(x$fpl$fsub)
    __fpl_return_NaN                         0x0800776f   Thumb Code   100  retnan.o(x$fpl$retnan)
    __ARM_scalbn                             0x080077d3   Thumb Code    92  scalbn.o(x$fpl$scalbn)
    __fpl_cmpreturn                          0x0800782f   Thumb Code    48  trapv.o(x$fpl$trapveneer)
    _Font6x8                                 0x0800785e   Data         848  font6x8_ascii.o(.constdata)
    __I$use$fp                               0x0800785e   Number         0  usenofp.o(x$fpl$usenofp)
    reg                                      0x08007bb0   Data          27  inv_mpu.o(.constdata)
    hw                                       0x08007bcc   Data          12  inv_mpu.o(.constdata)
    test                                     0x08007bd8   Data          40  inv_mpu.o(.constdata)
    __mathlib_zero                           0x080088f0   Data           8  qnan.o(.constdata)
    Region$$Table$$Base                      0x08008964   Number         0  anon$$obj.o(Region$$Table)
    Region$$Table$$Limit                     0x08008984   Number         0  anon$$obj.o(Region$$Table)
    pitch                                    0x20000000   Data           4  main.o(.data)
    roll                                     0x20000004   Data           4  main.o(.data)
    yaw                                      0x20000008   Data           4  main.o(.data)
    aacx                                     0x2000000c   Data           2  main.o(.data)
    aacy                                     0x2000000e   Data           2  main.o(.data)
    aacz                                     0x20000010   Data           2  main.o(.data)
    gyrox                                    0x20000012   Data           2  main.o(.data)
    gyroy                                    0x20000014   Data           2  main.o(.data)
    gyroz                                    0x20000016   Data           2  main.o(.data)
    temp                                     0x20000018   Data           2  main.o(.data)
    SPEED_R                                  0x2000001c   Data           4  main.o(.data)
    SPEED_L                                  0x20000020   Data           4  main.o(.data)
    Encoder_A_EXTI                           0x20000024   Data           4  main.o(.data)
    Encoder_B_EXTI                           0x20000028   Data           4  main.o(.data)
    lspeed                                   0x2000002c   Data           4  main.o(.data)
    rspeed                                   0x20000030   Data           4  main.o(.data)
    Vertical_Kp                              0x20000034   Data           4  main.o(.data)
    Vertical_Kd                              0x20000038   Data           4  main.o(.data)
    Velocity_Kp                              0x2000003c   Data           4  main.o(.data)
    Velocity_Ki                              0x20000040   Data           4  main.o(.data)
    tempary                                  0x20000044   Data           4  main.o(.data)
    Vertical_out                             0x20000048   Data           4  main.o(.data)
    Velocity_out                             0x2000004c   Data           4  main.o(.data)
    LastPWM                                  0x20000050   Data           4  main.o(.data)
    meddle                                   0x20000054   Data           4  main.o(.data)
    Target_Speed                             0x20000058   Data           4  main.o(.data)
    FirstPage                                0x2000005c   Data          12  menu.o(.data)
    MODE1                                    0x20000068   Data          12  menu.o(.data)
    MODE2                                    0x20000074   Data          12  menu.o(.data)
    USART_RX_STA1                            0x20000094   Data           2  wifi.o(.data)
    __stdout                                 0x2000009c   Data           4  usart.o(.data)
    USART_RX_STA                             0x200000a0   Data           2  usart.o(.data)
    current_page                             0x200000b8   Data           4  solgui_menu.o(.data)
    _key_cache                               0x200000bc   Data           7  solgui_menu.o(.data)
    cur_key                                  0x200000c3   Data           1  solgui_menu.o(.data)
    SOLGUI_CSR                               0x200000c4   Data           1  solgui_menu.o(.data)
    _fontInfo_6x8                            0x200000c8   Data           8  solgui_printf.o(.data)
    KEY_RIGHT_USE_FLAG                       0x200000d0   Data           1  solgui_widget.o(.data)
    cursor                                   0x200000d4   Data           4  solgui_widget.o(.data)
    SystemCoreClock                          0x20000114   Data           4  system_stm32f10x.o(.data)
    AHBPrescTable                            0x20000118   Data          16  system_stm32f10x.o(.data)
    USART_RX_BUF1                            0x20000128   Data         200  wifi.o(.bss)
    USART_TX_BUF1                            0x200001f0   Data         200  wifi.o(.bss)
    SOLGUI_GRAM                              0x200002b8   Data        1024  solgui_common.o(.bss)
    cursor_reg                               0x200006b8   Data          12  solgui_widget.o(.bss)
    option_enable_list                       0x200006c4   Data          16  solgui_widget.o(.bss)
    __libspace_start                         0x200006e4   Data          96  libspace.o(.bss)
    __temporary_stack_top$libspace           0x20000744   Data           0  libspace.o(.bss)



==============================================================================

Memory Map of the image

  Image Entry point : 0x08000191

  Load Region LR_1 (Base: 0x08000000, Size: 0x00008aac, Max: 0xffffffff, ABSOLUTE)

    Execution Region ER_RO (Base: 0x08000000, Size: 0x00008984, Max: 0xffffffff, ABSOLUTE)

    Base Addr    Size         Type   Attr      Idx    E Section Name        Object

    0x08000000   0x000000ec   Data   RO         3264    RESET               startup_stm32f10x_md.o
    0x080000ec   0x00000008   Code   RO         3378  * !!!main             c_w.l(__main.o)
    0x080000f4   0x00000034   Code   RO         3712    !!!scatter          c_w.l(__scatter.o)
    0x08000128   0x0000001a   Code   RO         3714    !!handler_copy      c_w.l(__scatter_copy.o)
    0x08000142   0x00000002   PAD
    0x08000144   0x0000001c   Code   RO         3716    !!handler_zi        c_w.l(__scatter_zi.o)
    0x08000160   0x00000000   Code   RO         3365    .ARM.Collect$$_printf_percent$$00000000  c_w.l(_printf_percent.o)
    0x08000160   0x00000006   Code   RO         3364    .ARM.Collect$$_printf_percent$$00000009  c_w.l(_printf_d.o)
    0x08000166   0x00000004   Code   RO         3477    .ARM.Collect$$_printf_percent$$00000017  c_w.l(_printf_percent_end.o)
    0x0800016a   0x00000002   Code   RO         3582    .ARM.Collect$$libinit$$00000000  c_w.l(libinit.o)
    0x0800016c   0x00000000   Code   RO         3592    .ARM.Collect$$libinit$$00000002  c_w.l(libinit2.o)
    0x0800016c   0x00000000   Code   RO         3594    .ARM.Collect$$libinit$$00000004  c_w.l(libinit2.o)
    0x0800016c   0x00000000   Code   RO         3597    .ARM.Collect$$libinit$$0000000A  c_w.l(libinit2.o)
    0x0800016c   0x00000000   Code   RO         3599    .ARM.Collect$$libinit$$0000000C  c_w.l(libinit2.o)
    0x0800016c   0x00000000   Code   RO         3601    .ARM.Collect$$libinit$$0000000E  c_w.l(libinit2.o)
    0x0800016c   0x00000000   Code   RO         3604    .ARM.Collect$$libinit$$00000011  c_w.l(libinit2.o)
    0x0800016c   0x00000000   Code   RO         3606    .ARM.Collect$$libinit$$00000013  c_w.l(libinit2.o)
    0x0800016c   0x00000000   Code   RO         3608    .ARM.Collect$$libinit$$00000015  c_w.l(libinit2.o)
    0x0800016c   0x00000000   Code   RO         3610    .ARM.Collect$$libinit$$00000017  c_w.l(libinit2.o)
    0x0800016c   0x00000000   Code   RO         3612    .ARM.Collect$$libinit$$00000019  c_w.l(libinit2.o)
    0x0800016c   0x00000000   Code   RO         3614    .ARM.Collect$$libinit$$0000001B  c_w.l(libinit2.o)
    0x0800016c   0x00000000   Code   RO         3616    .ARM.Collect$$libinit$$0000001D  c_w.l(libinit2.o)
    0x0800016c   0x00000000   Code   RO         3618    .ARM.Collect$$libinit$$0000001F  c_w.l(libinit2.o)
    0x0800016c   0x00000000   Code   RO         3620    .ARM.Collect$$libinit$$00000021  c_w.l(libinit2.o)
    0x0800016c   0x00000000   Code   RO         3622    .ARM.Collect$$libinit$$00000023  c_w.l(libinit2.o)
    0x0800016c   0x00000000   Code   RO         3624    .ARM.Collect$$libinit$$00000025  c_w.l(libinit2.o)
    0x0800016c   0x00000000   Code   RO         3628    .ARM.Collect$$libinit$$0000002C  c_w.l(libinit2.o)
    0x0800016c   0x00000000   Code   RO         3630    .ARM.Collect$$libinit$$0000002E  c_w.l(libinit2.o)
    0x0800016c   0x00000000   Code   RO         3632    .ARM.Collect$$libinit$$00000030  c_w.l(libinit2.o)
    0x0800016c   0x00000000   Code   RO         3634    .ARM.Collect$$libinit$$00000032  c_w.l(libinit2.o)
    0x0800016c   0x00000002   Code   RO         3635    .ARM.Collect$$libinit$$00000033  c_w.l(libinit2.o)
    0x0800016e   0x00000002   Code   RO         3665    .ARM.Collect$$libshutdown$$00000000  c_w.l(libshutdown.o)
    0x08000170   0x00000000   Code   RO         3680    .ARM.Collect$$libshutdown$$00000003  c_w.l(libshutdown2.o)
    0x08000170   0x00000000   Code   RO         3683    .ARM.Collect$$libshutdown$$00000006  c_w.l(libshutdown2.o)
    0x08000170   0x00000000   Code   RO         3686    .ARM.Collect$$libshutdown$$00000009  c_w.l(libshutdown2.o)
    0x08000170   0x00000000   Code   RO         3688    .ARM.Collect$$libshutdown$$0000000B  c_w.l(libshutdown2.o)
    0x08000170   0x00000000   Code   RO         3691    .ARM.Collect$$libshutdown$$0000000E  c_w.l(libshutdown2.o)
    0x08000170   0x00000002   Code   RO         3692    .ARM.Collect$$libshutdown$$0000000F  c_w.l(libshutdown2.o)
    0x08000172   0x00000000   Code   RO         3466    .ARM.Collect$$rtentry$$00000000  c_w.l(__rtentry.o)
    0x08000172   0x00000000   Code   RO         3533    .ARM.Collect$$rtentry$$00000002  c_w.l(__rtentry2.o)
    0x08000172   0x00000006   Code   RO         3545    .ARM.Collect$$rtentry$$00000004  c_w.l(__rtentry4.o)
    0x08000178   0x00000000   Code   RO         3535    .ARM.Collect$$rtentry$$00000009  c_w.l(__rtentry2.o)
    0x08000178   0x00000004   Code   RO         3536    .ARM.Collect$$rtentry$$0000000A  c_w.l(__rtentry2.o)
    0x0800017c   0x00000000   Code   RO         3538    .ARM.Collect$$rtentry$$0000000C  c_w.l(__rtentry2.o)
    0x0800017c   0x00000008   Code   RO         3539    .ARM.Collect$$rtentry$$0000000D  c_w.l(__rtentry2.o)
    0x08000184   0x00000002   Code   RO         3585    .ARM.Collect$$rtexit$$00000000  c_w.l(rtexit.o)
    0x08000186   0x00000000   Code   RO         3639    .ARM.Collect$$rtexit$$00000002  c_w.l(rtexit2.o)
    0x08000186   0x00000004   Code   RO         3640    .ARM.Collect$$rtexit$$00000003  c_w.l(rtexit2.o)
    0x0800018a   0x00000006   Code   RO         3641    .ARM.Collect$$rtexit$$00000004  c_w.l(rtexit2.o)
    0x08000190   0x00000040   Code   RO         3265  * .text               startup_stm32f10x_md.o
    0x080001d0   0x00000002   Code   RO         3305    .text               c_w.l(use_no_semi_2.o)
    0x080001d2   0x00000048   Code   RO         3307    .text               c_w.l(llsdiv.o)
    0x0800021a   0x00000002   PAD
    0x0800021c   0x00000018   Code   RO         3311    .text               c_w.l(noretval__2printf.o)
    0x08000234   0x00000078   Code   RO         3319    .text               c_w.l(_printf_dec.o)
    0x080002ac   0x00000138   Code   RO         3354    .text               c_w.l(__printf_flags_wp.o)
    0x080003e4   0x00000058   Code   RO         3366    .text               c_w.l(memcmp.o)
    0x0800043c   0x0000003e   Code   RO         3368    .text               c_w.l(strlen.o)
    0x0800047a   0x00000010   Code   RO         3370    .text               c_w.l(aeabi_memset.o)
    0x0800048a   0x00000044   Code   RO         3372    .text               c_w.l(rt_memclr.o)
    0x080004ce   0x00000002   PAD
    0x080004d0   0x00000080   Code   RO         3374    .text               c_w.l(strcmpv7m.o)
    0x08000550   0x00000006   Code   RO         3376    .text               c_w.l(heapauxi.o)
    0x08000556   0x00000002   Code   RO         3464    .text               c_w.l(use_no_semi.o)
    0x08000558   0x000000ee   Code   RO         3467    .text               c_w.l(lludivv7m.o)
    0x08000646   0x00000016   Code   RO         3469    .text               c_w.l(_rserrno.o)
    0x0800065c   0x000000b2   Code   RO         3471    .text               c_w.l(_printf_intcommon.o)
    0x0800070e   0x00000002   PAD
    0x08000710   0x00000024   Code   RO         3475    .text               c_w.l(_printf_char_file.o)
    0x08000734   0x0000004e   Code   RO         3478    .text               c_w.l(rt_memclr_w.o)
    0x08000782   0x00000002   PAD
    0x08000784   0x00000008   Code   RO         3554    .text               c_w.l(rt_errno_addr_intlibspace.o)
    0x0800078c   0x00000030   Code   RO         3556    .text               c_w.l(_printf_char_common.o)
    0x080007bc   0x00000008   Code   RO         3558    .text               c_w.l(ferror.o)
    0x080007c4   0x00000008   Code   RO         3566    .text               c_w.l(libspace.o)
    0x080007cc   0x0000004a   Code   RO         3569    .text               c_w.l(sys_stackheap_outer.o)
    0x08000816   0x0000000c   Code   RO         3575    .text               c_w.l(exit.o)
    0x08000822   0x00000004   Code   RO          203    i.BusFault_Handler  stm32f10x_it.o
    0x08000826   0x00000002   Code   RO          204    i.DebugMon_Handler  stm32f10x_it.o
    0x08000828   0x00000018   Code   RO          546    i.EXTI1_IRQHandler  encoder.o
    0x08000840   0x0000000c   Code   RO         2189    i.EXTI_ClearITPendingBit  stm32f10x_exti.o
    0x0800084c   0x000000a0   Code   RO          549    i.Encoder_TIM2_Init  encoder.o
    0x080008ec   0x0000009c   Code   RO          550    i.Encoder_TIM4_Init  encoder.o
    0x08000988   0x00000034   Code   RO         2414    i.FIFO_DeQueue      solgui_menu.o
    0x080009bc   0x00000018   Code   RO         2416    i.FIFO_Init         solgui_menu.o
    0x080009d4   0x00000116   Code   RO          834    i.GPIO_Init         stm32f10x_gpio.o
    0x08000aea   0x00000002   PAD
    0x08000aec   0x00000090   Code   RO          836    i.GPIO_PinRemapConfig  stm32f10x_gpio.o
    0x08000b7c   0x00000004   Code   RO          841    i.GPIO_ResetBits    stm32f10x_gpio.o
    0x08000b80   0x00000004   Code   RO          842    i.GPIO_SetBits      stm32f10x_gpio.o
    0x08000b84   0x00000004   Code   RO          205    i.HardFault_Handler  stm32f10x_it.o
    0x08000b88   0x00000038   Code   RO          478    i.INinit            control.o
    0x08000bc0   0x00000018   Code   RO            1    i.JTAGDisable       main.o
    0x08000bd8   0x00000038   Code   RO          430    i.LED_Init          led.o
    0x08000c10   0x00000040   Code   RO          479    i.LoadPWM           control.o
    0x08000c50   0x00000050   Code   RO         3124    i.MPU_Get_Accelerometer  mpu6050.o
    0x08000ca0   0x00000050   Code   RO         3125    i.MPU_Get_Gyroscope  mpu6050.o
    0x08000cf0   0x0000004c   Code   RO         3202    i.MPU_IIC_Ack       mpuiic.o
    0x08000d3c   0x0000000a   Code   RO         3203    i.MPU_IIC_Delay     mpuiic.o
    0x08000d46   0x00000002   PAD
    0x08000d48   0x00000038   Code   RO         3204    i.MPU_IIC_Init      mpuiic.o
    0x08000d80   0x0000004c   Code   RO         3205    i.MPU_IIC_NAck      mpuiic.o
    0x08000dcc   0x0000006c   Code   RO         3206    i.MPU_IIC_Read_Byte  mpuiic.o
    0x08000e38   0x0000005c   Code   RO         3207    i.MPU_IIC_Send_Byte  mpuiic.o
    0x08000e94   0x00000048   Code   RO         3208    i.MPU_IIC_Start     mpuiic.o
    0x08000edc   0x00000048   Code   RO         3209    i.MPU_IIC_Stop      mpuiic.o
    0x08000f24   0x00000064   Code   RO         3210    i.MPU_IIC_Wait_Ack  mpuiic.o
    0x08000f88   0x000000c0   Code   RO         3127    i.MPU_Init          mpu6050.o
    0x08001048   0x0000003a   Code   RO         3128    i.MPU_Read_Byte     mpu6050.o
    0x08001082   0x00000074   Code   RO         3129    i.MPU_Read_Len      mpu6050.o
    0x080010f6   0x00000010   Code   RO         3130    i.MPU_Set_Accel_Fsr  mpu6050.o
    0x08001106   0x00000010   Code   RO         3131    i.MPU_Set_Gyro_Fsr  mpu6050.o
    0x08001116   0x0000003a   Code   RO         3132    i.MPU_Set_LPF       mpu6050.o
    0x08001150   0x0000003a   Code   RO         3133    i.MPU_Set_Rate      mpu6050.o
    0x0800118a   0x00000044   Code   RO         3134    i.MPU_Write_Byte    mpu6050.o
    0x080011ce   0x00000060   Code   RO         3135    i.MPU_Write_Len     mpu6050.o
    0x0800122e   0x00000004   Code   RO          206    i.MemManage_Handler  stm32f10x_it.o
    0x08001232   0x00000002   Code   RO          207    i.NMI_Handler       stm32f10x_it.o
    0x08001234   0x00000070   Code   RO          784    i.NVIC_Init         misc.o
    0x080012a4   0x00000014   Code   RO          785    i.NVIC_PriorityGroupConfig  misc.o
    0x080012b8   0x00000040   Code   RO          339    i.OLED_Clear        oled.o
    0x080012f8   0x00000046   Code   RO          343    i.OLED_FillScreen   oled.o
    0x0800133e   0x00000002   PAD
    0x08001340   0x00000174   Code   RO          344    i.OLED_Init         oled.o
    0x080014b4   0x0000002e   Code   RO          345    i.OLED_Set_Pos      oled.o
    0x080014e2   0x00000002   PAD
    0x080014e4   0x00000074   Code   RO          350    i.OLED_WR_Byte      oled.o
    0x08001558   0x00000002   Code   RO          208    i.PendSV_Handler    stm32f10x_it.o
    0x0800155a   0x00000002   PAD
    0x0800155c   0x00000020   Code   RO          968    i.RCC_APB1PeriphClockCmd  stm32f10x_rcc.o
    0x0800157c   0x00000020   Code   RO          970    i.RCC_APB2PeriphClockCmd  stm32f10x_rcc.o
    0x0800159c   0x000000d4   Code   RO          978    i.RCC_GetClocksFreq  stm32f10x_rcc.o
    0x08001670   0x00000044   Code   RO          552    i.Read_Speed        encoder.o
    0x080016b4   0x00000014   Code   RO         2290    i.SOLGUI_Clean      solgui_common.o
    0x080016c8   0x00000260   Code   RO         2533    i.SOLGUI_Cursor     solgui_widget.o
    0x08001928   0x00000058   Code   RO         2291    i.SOLGUI_DrawPoint  solgui_common.o
    0x08001980   0x000000e6   Code   RO         2336    i.SOLGUI_GBasic_Line  solgui_gbasic.o
    0x08001a66   0x000000c2   Code   RO         2338    i.SOLGUI_GBasic_Rectangle  solgui_gbasic.o
    0x08001b28   0x0000000c   Code   RO         2417    i.SOLGUI_GetCurrentKey  solgui_menu.o
    0x08001b34   0x0000000c   Code   RO         2372    i.SOLGUI_Hardware_FillScreen  solgui_hardware.o
    0x08001b40   0x00000010   Code   RO         2373    i.SOLGUI_Hardware_Init  solgui_hardware.o
    0x08001b50   0x00000020   Code   RO         2292    i.SOLGUI_Init       solgui_common.o
    0x08001b70   0x0000005c   Code   RO         2419    i.SOLGUI_Menu_PageStage  solgui_menu.o
    0x08001bcc   0x00000014   Code   RO         2420    i.SOLGUI_Menu_SetHomePage  solgui_menu.o
    0x08001be0   0x00000080   Code   RO         2421    i.SOLGUI_Menu_Title  solgui_menu.o
    0x08001c60   0x000000a4   Code   RO         2490    i.SOLGUI_PutChar    solgui_printf.o
    0x08001d04   0x00000038   Code   RO         2491    i.SOLGUI_PutString  solgui_printf.o
    0x08001d3c   0x00000014   Code   RO         2293    i.SOLGUI_Refresh    solgui_common.o
    0x08001d50   0x0000002c   Code   RO         2492    i.SOLGUI_SwitchFont  solgui_printf.o
    0x08001d7c   0x00000050   Code   RO         2537    i.SOLGUI_Widget_OptionText  solgui_widget.o
    0x08001dcc   0x00000028   Code   RO         2493    i.SOLGUI_printf     solgui_printf.o
    0x08001df4   0x00000002   Code   RO          209    i.SVC_Handler       stm32f10x_it.o
    0x08001df6   0x00000008   Code   RO         3269    i.SetSysClock       system_stm32f10x.o
    0x08001dfe   0x00000002   PAD
    0x08001e00   0x000000e0   Code   RO         3270    i.SetSysClockTo72   system_stm32f10x.o
    0x08001ee0   0x00000028   Code   RO          788    i.SysTick_CLKSourceConfig  misc.o
    0x08001f08   0x00000002   Code   RO          210    i.SysTick_Handler   stm32f10x_it.o
    0x08001f0a   0x00000002   PAD
    0x08001f0c   0x00000060   Code   RO         3272    i.SystemInit        system_stm32f10x.o
    0x08001f6c   0x00000080   Code   RO         1346    i.TI1_Config        stm32f10x_tim.o
    0x08001fec   0x00000098   Code   RO         1347    i.TI2_Config        stm32f10x_tim.o
    0x08002084   0x00000090   Code   RO         1348    i.TI3_Config        stm32f10x_tim.o
    0x08002114   0x00000098   Code   RO         1349    i.TI4_Config        stm32f10x_tim.o
    0x080021ac   0x000000c8   Code   RO          480    i.TIM1_PWM_Init     control.o
    0x08002274   0x00000016   Code   RO          553    i.TIM2_IRQHandler   encoder.o
    0x0800228a   0x00000002   PAD
    0x0800228c   0x000000dc   Code   RO          481    i.TIM3_IRQHandler   control.o
    0x08002368   0x0000005c   Code   RO          672    i.TIM3_Int_Init     timer.o
    0x080023c4   0x0000001c   Code   RO          555    i.TIM4_IRQHandler   encoder.o
    0x080023e0   0x00000018   Code   RO         1350    i.TIM_ARRPreloadConfig  stm32f10x_tim.o
    0x080023f8   0x00000006   Code   RO         1356    i.TIM_ClearFlag     stm32f10x_tim.o
    0x080023fe   0x00000006   Code   RO         1357    i.TIM_ClearITPendingBit  stm32f10x_tim.o
    0x08002404   0x00000018   Code   RO         1362    i.TIM_Cmd           stm32f10x_tim.o
    0x0800241c   0x0000001e   Code   RO         1364    i.TIM_CtrlPWMOutputs  stm32f10x_tim.o
    0x0800243a   0x00000042   Code   RO         1371    i.TIM_EncoderInterfaceConfig  stm32f10x_tim.o
    0x0800247c   0x00000006   Code   RO         1381    i.TIM_GetCounter    stm32f10x_tim.o
    0x08002482   0x00000022   Code   RO         1383    i.TIM_GetITStatus   stm32f10x_tim.o
    0x080024a4   0x000000ac   Code   RO         1385    i.TIM_ICInit        stm32f10x_tim.o
    0x08002550   0x00000012   Code   RO         1386    i.TIM_ICStructInit  stm32f10x_tim.o
    0x08002562   0x00000012   Code   RO         1387    i.TIM_ITConfig      stm32f10x_tim.o
    0x08002574   0x00000098   Code   RO         1391    i.TIM_OC1Init       stm32f10x_tim.o
    0x0800260c   0x00000012   Code   RO         1394    i.TIM_OC1PreloadConfig  stm32f10x_tim.o
    0x0800261e   0x00000002   PAD
    0x08002620   0x0000007c   Code   RO         1406    i.TIM_OC4Init       stm32f10x_tim.o
    0x0800269c   0x0000001a   Code   RO         1408    i.TIM_OC4PreloadConfig  stm32f10x_tim.o
    0x080026b6   0x00000004   Code   RO         1423    i.TIM_SetCompare1   stm32f10x_tim.o
    0x080026ba   0x00000006   Code   RO         1426    i.TIM_SetCompare4   stm32f10x_tim.o
    0x080026c0   0x00000004   Code   RO         1427    i.TIM_SetCounter    stm32f10x_tim.o
    0x080026c4   0x00000012   Code   RO         1428    i.TIM_SetIC1Prescaler  stm32f10x_tim.o
    0x080026d6   0x0000001a   Code   RO         1429    i.TIM_SetIC2Prescaler  stm32f10x_tim.o
    0x080026f0   0x00000012   Code   RO         1430    i.TIM_SetIC3Prescaler  stm32f10x_tim.o
    0x08002702   0x0000001a   Code   RO         1431    i.TIM_SetIC4Prescaler  stm32f10x_tim.o
    0x0800271c   0x000000a4   Code   RO         1433    i.TIM_TimeBaseInit  stm32f10x_tim.o
    0x080027c0   0x00000012   Code   RO         1434    i.TIM_TimeBaseStructInit  stm32f10x_tim.o
    0x080027d2   0x00000002   PAD
    0x080027d4   0x00000088   Code   RO          619    i.USART1_IRQHandler  wifi.o
    0x0800285c   0x00000018   Code   RO         1170    i.USART_Cmd         stm32f10x_usart.o
    0x08002874   0x00000054   Code   RO         1174    i.USART_GetITStatus  stm32f10x_usart.o
    0x080028c8   0x0000004a   Code   RO         1176    i.USART_ITConfig    stm32f10x_usart.o
    0x08002912   0x00000002   PAD
    0x08002914   0x000000d8   Code   RO         1177    i.USART_Init        stm32f10x_usart.o
    0x080029ec   0x0000000a   Code   RO         1184    i.USART_ReceiveData  stm32f10x_usart.o
    0x080029f6   0x00000004   Code   RO          211    i.UsageFault_Handler  stm32f10x_it.o
    0x080029fa   0x00000002   PAD
    0x080029fc   0x000000f8   Code   RO          482    i.Velocity          control.o
    0x08002af4   0x00000058   Code   RO          483    i.Vertical          control.o
    0x08002b4c   0x000000ac   Code   RO          292    i._FirstPage        menu.o
    0x08002bf8   0x0000007e   Code   RO         2339    i._LineModes        solgui_gbasic.o
    0x08002c76   0x00000002   Code   RO          293    i._MODE1            menu.o
    0x08002c78   0x00000002   Code   RO          294    i._MODE2            menu.o
    0x08002c7a   0x00000002   PAD
    0x08002c7c   0x0000002c   Code   RO         2541    i._OptionsDisplay_Judge  solgui_widget.o
    0x08002ca8   0x0000001c   Code   RO         2542    i._OptionsDisplay_coorY  solgui_widget.o
    0x08002cc4   0x00000028   Code   RO         3519    i.__ARM_fpclassify  m_ws.l(fpclassify.o)
    0x08002cec   0x000004d4   Code   RO         2494    i.__SOLGUI_printf   solgui_printf.o
    0x080031c0   0x000000aa   Code   RO         3521    i.__kernel_poly     m_ws.l(poly.o)
    0x0800326a   0x00000006   Code   RO         3506    i.__mathlib_dbl_infnan  m_ws.l(dunder.o)
    0x08003270   0x00000004   Code   RO         3507    i.__mathlib_dbl_infnan2  m_ws.l(dunder.o)
    0x08003274   0x0000000c   Code   RO         3508    i.__mathlib_dbl_invalid  m_ws.l(dunder.o)
    0x08003280   0x00000010   Code   RO         3511    i.__mathlib_dbl_underflow  m_ws.l(dunder.o)
    0x08003290   0x0000000e   Code   RO         3352    i._is_digit         c_w.l(__printf_wp.o)
    0x0800329e   0x00000004   Code   RO          739    i._sys_exit         usart.o
    0x080032a2   0x00000002   PAD
    0x080032a4   0x000000a8   Code   RO         2610    i.accel_self_test   inv_mpu.o
    0x0800334c   0x00000270   Code   RO         3447    i.asin              m_ws.l(asin.o)
    0x080035bc   0x00000220   Code   RO         3496    i.atan              m_ws.l(atan.o)
    0x080037dc   0x00000180   Code   RO         3457    i.atan2             m_ws.l(atan2.o)
    0x0800395c   0x00000064   Code   RO         2938    i.decode_gesture    inv_mpu_dmp_motion_driver.o
    0x080039c0   0x00000044   Code   RO          684    i.delay_init        delay.o
    0x08003a04   0x0000004c   Code   RO          685    i.delay_ms          delay.o
    0x08003a50   0x0000004c   Code   RO          686    i.delay_us          delay.o
    0x08003a9c   0x0000003c   Code   RO         2939    i.dmp_enable_6x_lp_quat  inv_mpu_dmp_motion_driver.o
    0x08003ad8   0x0000021c   Code   RO         2940    i.dmp_enable_feature  inv_mpu_dmp_motion_driver.o
    0x08003cf4   0x00000058   Code   RO         2941    i.dmp_enable_gyro_cal  inv_mpu_dmp_motion_driver.o
    0x08003d4c   0x0000003c   Code   RO         2942    i.dmp_enable_lp_quat  inv_mpu_dmp_motion_driver.o
    0x08003d88   0x00000018   Code   RO         2947    i.dmp_load_motion_driver_firmware  inv_mpu_dmp_motion_driver.o
    0x08003da0   0x000001cc   Code   RO         2948    i.dmp_read_fifo     inv_mpu_dmp_motion_driver.o
    0x08003f6c   0x00000130   Code   RO         2951    i.dmp_set_accel_bias  inv_mpu_dmp_motion_driver.o
    0x0800409c   0x00000070   Code   RO         2952    i.dmp_set_fifo_rate  inv_mpu_dmp_motion_driver.o
    0x0800410c   0x00000130   Code   RO         2953    i.dmp_set_gyro_bias  inv_mpu_dmp_motion_driver.o
    0x0800423c   0x00000138   Code   RO         2955    i.dmp_set_orientation  inv_mpu_dmp_motion_driver.o
    0x08004374   0x00000038   Code   RO         2958    i.dmp_set_shake_reject_thresh  inv_mpu_dmp_motion_driver.o
    0x080043ac   0x00000026   Code   RO         2959    i.dmp_set_shake_reject_time  inv_mpu_dmp_motion_driver.o
    0x080043d2   0x00000026   Code   RO         2960    i.dmp_set_shake_reject_timeout  inv_mpu_dmp_motion_driver.o
    0x080043f8   0x00000046   Code   RO         2961    i.dmp_set_tap_axes  inv_mpu_dmp_motion_driver.o
    0x0800443e   0x00000026   Code   RO         2962    i.dmp_set_tap_count  inv_mpu_dmp_motion_driver.o
    0x08004464   0x000001a0   Code   RO         2963    i.dmp_set_tap_thresh  inv_mpu_dmp_motion_driver.o
    0x08004604   0x00000026   Code   RO         2964    i.dmp_set_tap_time  inv_mpu_dmp_motion_driver.o
    0x0800462a   0x00000026   Code   RO         2965    i.dmp_set_tap_time_multi  inv_mpu_dmp_motion_driver.o
    0x08004650   0x0000001c   Code   RO          740    i.fputc             usart.o
    0x0800466c   0x000000b4   Code   RO         2611    i.get_accel_prod_shift  inv_mpu.o
    0x08004720   0x00000470   Code   RO         2612    i.get_st_biases     inv_mpu.o
    0x08004b90   0x00000110   Code   RO         2613    i.gyro_self_test    inv_mpu.o
    0x08004ca0   0x00000028   Code   RO         2614    i.inv_orientation_matrix_to_scalar  inv_mpu.o
    0x08004cc8   0x0000004e   Code   RO         2615    i.inv_row_2_scale   inv_mpu.o
    0x08004d16   0x00000002   PAD
    0x08004d18   0x00000028   Code   RO          484    i.left_back         control.o
    0x08004d40   0x00000028   Code   RO          485    i.left_forward      control.o
    0x08004d68   0x00000220   Code   RO            2    i.main              main.o
    0x08004f88   0x00000010   Code   RO          295    i.menu_int          menu.o
    0x08004f98   0x00000002   Code   RO         2616    i.mget_ms           inv_mpu.o
    0x08004f9a   0x00000002   PAD
    0x08004f9c   0x00000070   Code   RO         2617    i.mpu_configure_fifo  inv_mpu.o
    0x0800500c   0x00000224   Code   RO         2618    i.mpu_dmp_get_data  inv_mpu.o
    0x08005230   0x000000a0   Code   RO         2619    i.mpu_dmp_init      inv_mpu.o
    0x080052d0   0x0000004c   Code   RO         2620    i.mpu_get_accel_fsr  inv_mpu.o
    0x0800531c   0x00000054   Code   RO         2622    i.mpu_get_accel_sens  inv_mpu.o
    0x08005370   0x00000010   Code   RO         2627    i.mpu_get_fifo_config  inv_mpu.o
    0x08005380   0x00000044   Code   RO         2628    i.mpu_get_gyro_fsr  inv_mpu.o
    0x080053c4   0x00000050   Code   RO         2630    i.mpu_get_gyro_sens  inv_mpu.o
    0x08005414   0x00000050   Code   RO         2632    i.mpu_get_lpf       inv_mpu.o
    0x08005464   0x00000020   Code   RO         2634    i.mpu_get_sample_rate  inv_mpu.o
    0x08005484   0x000001f0   Code   RO         2636    i.mpu_init          inv_mpu.o
    0x08005674   0x000000b8   Code   RO         2637    i.mpu_load_firmware  inv_mpu.o
    0x0800572c   0x000000e0   Code   RO         2638    i.mpu_lp_accel_mode  inv_mpu.o
    0x0800580c   0x000000c0   Code   RO         2641    i.mpu_read_fifo_stream  inv_mpu.o
    0x080058cc   0x00000080   Code   RO         2642    i.mpu_read_mem      inv_mpu.o
    0x0800594c   0x000001c8   Code   RO         2645    i.mpu_reset_fifo    inv_mpu.o
    0x08005b14   0x0000011c   Code   RO         2646    i.mpu_run_self_test  inv_mpu.o
    0x08005c30   0x00000084   Code   RO         2648    i.mpu_set_accel_fsr  inv_mpu.o
    0x08005cb4   0x0000014c   Code   RO         2649    i.mpu_set_bypass    inv_mpu.o
    0x08005e00   0x00000090   Code   RO         2651    i.mpu_set_dmp_state  inv_mpu.o
    0x08005e90   0x00000088   Code   RO         2652    i.mpu_set_gyro_fsr  inv_mpu.o
    0x08005f18   0x0000006c   Code   RO         2653    i.mpu_set_int_latched  inv_mpu.o
    0x08005f84   0x00000084   Code   RO         2655    i.mpu_set_lpf       inv_mpu.o
    0x08006008   0x0000009c   Code   RO         2656    i.mpu_set_sample_rate  inv_mpu.o
    0x080060a4   0x000000d0   Code   RO         2657    i.mpu_set_sensors   inv_mpu.o
    0x08006174   0x00000080   Code   RO         2658    i.mpu_write_mem     inv_mpu.o
    0x080061f4   0x00000028   Code   RO          486    i.right_back        control.o
    0x0800621c   0x00000028   Code   RO          487    i.right_forward     control.o
    0x08006244   0x00000094   Code   RO         2659    i.run_self_test     inv_mpu.o
    0x080062d8   0x00000090   Code   RO         2660    i.set_int_enable    inv_mpu.o
    0x08006368   0x0000004c   Code   RO         3525    i.sqrt              m_ws.l(sqrt.o)
    0x080063b4   0x000000a0   Code   RO          621    i.uart1_init        wifi.o
    0x08006454   0x00000062   Code   RO         3380    x$fpl$d2f           fz_ws.l(d2f.o)
    0x080064b6   0x00000002   PAD
    0x080064b8   0x00000150   Code   RO         3382    x$fpl$dadd          fz_ws.l(daddsub_clz.o)
    0x08006608   0x00000010   Code   RO         3562    x$fpl$dcheck1       fz_ws.l(dcheck1.o)
    0x08006618   0x00000018   Code   RO         3480    x$fpl$dcmpinf       fz_ws.l(dcmpi.o)
    0x08006630   0x000002b0   Code   RO         3389    x$fpl$ddiv          fz_ws.l(ddiv.o)
    0x080068e0   0x0000005e   Code   RO         3392    x$fpl$dfix          fz_ws.l(dfix.o)
    0x0800693e   0x00000002   PAD
    0x08006940   0x0000005a   Code   RO         3396    x$fpl$dfixu         fz_ws.l(dfixu.o)
    0x0800699a   0x0000002e   Code   RO         3401    x$fpl$dflt          fz_ws.l(dflt_clz.o)
    0x080069c8   0x00000026   Code   RO         3400    x$fpl$dfltu         fz_ws.l(dflt_clz.o)
    0x080069ee   0x00000002   PAD
    0x080069f0   0x00000078   Code   RO         3406    x$fpl$dleqf         fz_ws.l(dleqf.o)
    0x08006a68   0x00000154   Code   RO         3408    x$fpl$dmul          fz_ws.l(dmul.o)
    0x08006bbc   0x0000009c   Code   RO         3482    x$fpl$dnaninf       fz_ws.l(dnaninf.o)
    0x08006c58   0x0000000c   Code   RO         3484    x$fpl$dretinf       fz_ws.l(dretinf.o)
    0x08006c64   0x00000016   Code   RO         3383    x$fpl$drsb          fz_ws.l(daddsub_clz.o)
    0x08006c7a   0x00000002   PAD
    0x08006c7c   0x000001cc   Code   RO         3564    x$fpl$dsqrt         fz_ws.l(dsqrt_noumaal.o)
    0x08006e48   0x000001d4   Code   RO         3384    x$fpl$dsub          fz_ws.l(daddsub_clz.o)
    0x0800701c   0x00000056   Code   RO         3412    x$fpl$f2d           fz_ws.l(f2d.o)
    0x08007072   0x00000002   PAD
    0x08007074   0x000000c4   Code   RO         3414    x$fpl$fadd          fz_ws.l(faddsub_clz.o)
    0x08007138   0x00000018   Code   RO         3486    x$fpl$fcmpinf       fz_ws.l(fcmpi.o)
    0x08007150   0x00000184   Code   RO         3421    x$fpl$fdiv          fz_ws.l(fdiv.o)
    0x080072d4   0x00000068   Code   RO         3424    x$fpl$feqf          fz_ws.l(feqf.o)
    0x0800733c   0x00000036   Code   RO         3426    x$fpl$ffix          fz_ws.l(ffix.o)
    0x08007372   0x00000002   PAD
    0x08007374   0x0000003e   Code   RO         3430    x$fpl$ffixu         fz_ws.l(ffixu.o)
    0x080073b2   0x00000002   PAD
    0x080073b4   0x00000030   Code   RO         3435    x$fpl$fflt          fz_ws.l(fflt_clz.o)
    0x080073e4   0x00000026   Code   RO         3434    x$fpl$ffltu         fz_ws.l(fflt_clz.o)
    0x0800740a   0x00000002   PAD
    0x0800740c   0x00000068   Code   RO         3440    x$fpl$fleqf         fz_ws.l(fleqf.o)
    0x08007474   0x00000102   Code   RO         3442    x$fpl$fmul          fz_ws.l(fmul.o)
    0x08007576   0x0000008c   Code   RO         3488    x$fpl$fnaninf       fz_ws.l(fnaninf.o)
    0x08007602   0x0000000a   Code   RO         3490    x$fpl$fretinf       fz_ws.l(fretinf.o)
    0x0800760c   0x00000062   Code   RO         3444    x$fpl$frleqf        fz_ws.l(frleqf.o)
    0x0800766e   0x00000014   Code   RO         3415    x$fpl$frsb          fz_ws.l(faddsub_clz.o)
    0x08007682   0x00000002   PAD
    0x08007684   0x000000ea   Code   RO         3416    x$fpl$fsub          fz_ws.l(faddsub_clz.o)
    0x0800776e   0x00000064   Code   RO         3583    x$fpl$retnan        fz_ws.l(retnan.o)
    0x080077d2   0x0000005c   Code   RO         3492    x$fpl$scalbn        fz_ws.l(scalbn.o)
    0x0800782e   0x00000030   Code   RO         3636    x$fpl$trapveneer    fz_ws.l(trapv.o)
    0x0800785e   0x00000000   Code   RO         3494    x$fpl$usenofp       fz_ws.l(usenofp.o)
    0x0800785e   0x00000350   Data   RO         2258    .constdata          font6x8_ascii.o
    0x08007bae   0x00000002   PAD
    0x08007bb0   0x00000050   Data   RO         2662    .constdata          inv_mpu.o
    0x08007c00   0x00000bf6   Data   RO         2967    .constdata          inv_mpu_dmp_motion_driver.o
    0x080087f6   0x00000011   Data   RO         3355    .constdata          c_w.l(__printf_flags_wp.o)
    0x08008807   0x00000001   PAD
    0x08008808   0x00000050   Data   RO         3448    .constdata          m_ws.l(asin.o)
    0x08008858   0x00000098   Data   RO         3497    .constdata          m_ws.l(atan.o)
    0x080088f0   0x00000008   Data   RO         3523    .constdata          m_ws.l(qnan.o)
    0x080088f8   0x0000001b   Data   RO          296    .conststring        menu.o
    0x08008913   0x00000001   PAD
    0x08008914   0x0000004d   Data   RO         2663    .conststring        inv_mpu.o
    0x08008961   0x00000003   PAD
    0x08008964   0x00000020   Data   RO         3710    Region$$Table       anon$$obj.o


    Execution Region ER_RW (Base: 0x20000000, Size: 0x00000128, Max: 0xffffffff, ABSOLUTE)

    Base Addr    Size         Type   Attr      Idx    E Section Name        Object

    0x20000000   0x0000005c   Data   RW            4    .data               main.o
    0x2000005c   0x00000024   Data   RW          297    .data               menu.o
    0x20000080   0x00000014   Data   RW          488    .data               control.o
    0x20000094   0x00000002   Data   RW          623    .data               wifi.o
    0x20000096   0x00000004   Data   RW          687    .data               delay.o
    0x2000009a   0x00000002   PAD
    0x2000009c   0x00000006   Data   RW          743    .data               usart.o
    0x200000a2   0x00000014   Data   RW          998    .data               stm32f10x_rcc.o
    0x200000b6   0x00000002   PAD
    0x200000b8   0x0000000d   Data   RW         2422    .data               solgui_menu.o
    0x200000c5   0x00000003   PAD
    0x200000c8   0x00000008   Data   RW         2495    .data               solgui_printf.o
    0x200000d0   0x00000009   Data   RW         2545    .data               solgui_widget.o
    0x200000d9   0x00000003   PAD
    0x200000dc   0x00000035   Data   RW         2664    .data               inv_mpu.o
    0x20000111   0x00000003   PAD
    0x20000114   0x00000014   Data   RW         3273    .data               system_stm32f10x.o


    Execution Region ER_ZI (Base: 0x20000128, Size: 0x00000c20, Max: 0xffffffff, ABSOLUTE)

    Base Addr    Size         Type   Attr      Idx    E Section Name        Object

    0x20000128   0x00000190   Zero   RW          622    .bss                wifi.o
    0x200002b8   0x00000400   Zero   RW         2294    .bss                solgui_common.o
    0x200006b8   0x0000001c   Zero   RW         2544    .bss                solgui_widget.o
    0x200006d4   0x00000010   Zero   RW         2966    .bss                inv_mpu_dmp_motion_driver.o
    0x200006e4   0x00000060   Zero   RW         3567    .bss                c_w.l(libspace.o)
    0x20000744   0x00000004   PAD
    0x20000748   0x00000200   Zero   RW         3263    HEAP                startup_stm32f10x_md.o
    0x20000948   0x00000400   Zero   RW         3262    STACK               startup_stm32f10x_md.o


==============================================================================

Image component sizes


      Code (inc. data)   RO Data    RW Data    ZI Data      Debug   Object Name

      1036        174          0         20          0       5879   control.o
       220         26          0          4          0       1711   delay.o
       458         28          0          0          0       3364   encoder.o
         0          0          0          0          0        460   font4x6_ascii.o
         0          0        848          0          0        663   font6x8_ascii.o
      6864        290        157         53          0      30652   inv_mpu.o
      3096        122       3062          0         16      20470   inv_mpu_dmp_motion_driver.o
        56          6          0          0          0        483   led.o
       568        102          0         92          0     254512   main.o
       192         86         27         36          0       2658   menu.o
       172         22          0          0          0       2097   misc.o
       838         12          0          0          0       7415   mpu6050.o
       662        100          0          0          0       4790   mpuiic.o
       668         18          0          0          0       2985   oled.o
       160         24          0          0       1024       5135   solgui_common.o
       550          0          0          0          0       2684   solgui_gbasic.o
        28          0          0          0          0     202788   solgui_hardware.o
       328         60          0         13          0       3974   solgui_menu.o
      1540         10          0          8          0       5390   solgui_printf.o
       760         34          0          9         28       5508   solgui_widget.o
        64         26        236          0       1536        824   startup_stm32f10x_md.o
        12          6          0          0          0        525   stm32f10x_exti.o
       430          6          0          0          0       3858   stm32f10x_gpio.o
        26          0          0          0          0       3722   stm32f10x_it.o
       276         32          0         20          0       4450   stm32f10x_rcc.o
      1584        180          0          0          0      17652   stm32f10x_tim.o
       408          6          0          0          0       4954   stm32f10x_usart.o
         0          0          0          0          0         32   sys.o
       328         28          0         20          0       2313   system_stm32f10x.o
        92          4          0          0          0        636   timer.o
        32          4          0          6          0       2868   usart.o
       296         22          0          2        400       2013   wifi.o

    ----------------------------------------------------------------------
     21776       1428       4368        296       3004     607465   Object Totals
         0          0         32          0          0          0   (incl. Generated)
        32          0          6         13          0          0   (incl. Padding)

    ----------------------------------------------------------------------

      Code (inc. data)   RO Data    RW Data    ZI Data      Debug   Library Member Name

         8          0          0          0          0         68   __main.o
       312          4         17          0          0         92   __printf_flags_wp.o
        14          0          0          0          0         68   __printf_wp.o
         0          0          0          0          0          0   __rtentry.o
        12          0          0          0          0          0   __rtentry2.o
         6          0          0          0          0          0   __rtentry4.o
        52          8          0          0          0          0   __scatter.o
        26          0          0          0          0          0   __scatter_copy.o
        28          0          0          0          0          0   __scatter_zi.o
        48          6          0          0          0         96   _printf_char_common.o
        36          4          0          0          0         80   _printf_char_file.o
         6          0          0          0          0          0   _printf_d.o
       120         16          0          0          0         92   _printf_dec.o
       178          0          0          0          0         88   _printf_intcommon.o
         0          0          0          0          0          0   _printf_percent.o
         4          0          0          0          0          0   _printf_percent_end.o
        22          0          0          0          0        100   _rserrno.o
        16          0          0          0          0         68   aeabi_memset.o
        12          0          0          0          0         72   exit.o
         8          0          0          0          0         68   ferror.o
         6          0          0          0          0        152   heapauxi.o
         2          0          0          0          0          0   libinit.o
         2          0          0          0          0          0   libinit2.o
         2          0          0          0          0          0   libshutdown.o
         2          0          0          0          0          0   libshutdown2.o
         8          4          0          0         96         68   libspace.o
        72          0          0          0          0         76   llsdiv.o
       238          0          0          0          0        100   lludivv7m.o
        88          0          0          0          0         76   memcmp.o
        24          4          0          0          0         84   noretval__2printf.o
         8          4          0          0          0         68   rt_errno_addr_intlibspace.o
        68          0          0          0          0         68   rt_memclr.o
        78          0          0          0          0         80   rt_memclr_w.o
         2          0          0          0          0          0   rtexit.o
        10          0          0          0          0          0   rtexit2.o
       128          0          0          0          0         68   strcmpv7m.o
        62          0          0          0          0         76   strlen.o
        74          0          0          0          0         80   sys_stackheap_outer.o
         2          0          0          0          0         68   use_no_semi.o
         2          0          0          0          0         68   use_no_semi_2.o
        98          4          0          0          0         92   d2f.o
       826         16          0          0          0        348   daddsub_clz.o
        16          4          0          0          0         68   dcheck1.o
        24          0          0          0          0         68   dcmpi.o
       688        140          0          0          0        208   ddiv.o
        94          4          0          0          0         92   dfix.o
        90          4          0          0          0         92   dfixu.o
        84          0          0          0          0        136   dflt_clz.o
       120          4          0          0          0         92   dleqf.o
       340         12          0          0          0        104   dmul.o
       156          4          0          0          0         92   dnaninf.o
        12          0          0          0          0         68   dretinf.o
       460         56          0          0          0        120   dsqrt_noumaal.o
        86          4          0          0          0         84   f2d.o
       450          8          0          0          0        236   faddsub_clz.o
        24          0          0          0          0         68   fcmpi.o
       388         76          0          0          0         96   fdiv.o
       104          4          0          0          0         84   feqf.o
        54          4          0          0          0         84   ffix.o
        62          4          0          0          0         84   ffixu.o
        86          0          0          0          0        136   fflt_clz.o
       104          4          0          0          0         84   fleqf.o
       258          4          0          0          0         84   fmul.o
       140          4          0          0          0         84   fnaninf.o
        10          0          0          0          0         68   fretinf.o
        98          0          0          0          0         68   frleqf.o
       100          0          0          0          0         68   retnan.o
        92          0          0          0          0         68   scalbn.o
        48          0          0          0          0         68   trapv.o
         0          0          0          0          0          0   usenofp.o
       624         52         80          0          0        168   asin.o
       544         70        152          0          0        124   atan.o
       384         38          0          0          0        144   atan2.o
        38          6          0          0          0        272   dunder.o
        40          0          0          0          0         68   fpclassify.o
       170          0          0          0          0         96   poly.o
         0          0          8          0          0          0   qnan.o
        76          0          0          0          0         84   sqrt.o

    ----------------------------------------------------------------------
      8802        576        258          0        100       6024   Library Totals
        28          0          1          0          4          0   (incl. Padding)

    ----------------------------------------------------------------------

      Code (inc. data)   RO Data    RW Data    ZI Data      Debug   Library Name

      1786         50         17          0         96       2024   c_w.l
      5112        360          0          0          0       3044   fz_ws.l
      1876        166        240          0          0        956   m_ws.l

    ----------------------------------------------------------------------
      8802        576        258          0        100       6024   Library Totals

    ----------------------------------------------------------------------

==============================================================================


      Code (inc. data)   RO Data    RW Data    ZI Data      Debug   

     30578       2004       4626        296       3104     600433   Grand Totals
     30578       2004       4626        296       3104     600433   ELF Image Totals
     30578       2004       4626        296          0          0   ROM Totals

==============================================================================

    Total RO  Size (Code + RO Data)                35204 (  34.38kB)
    Total RW  Size (RW Data + ZI Data)              3400 (   3.32kB)
    Total ROM Size (Code + RO Data + RW Data)      35500 (  34.67kB)

==============================================================================

